
Processed line 0 of 729927
Processed line 10000 of 729927
Processed line 20000 of 729927
Processed line 30000 of 729927
Processed line 40000 of 729927
Processed line 50000 of 729927
Processed line 60000 of 729927
Processed line 70000 of 729927
Processed line 80000 of 729927
Processed line 90000 of 729927
Processed line 100000 of 729927
Processed line 110000 of 729927
Processed line 120000 of 729927
Processed line 130000 of 729927
Processed line 140000 of 729927
Processed line 150000 of 729927
Processed line 160000 of 729927
Processed line 170000 of 729927
Processed line 180000 of 729927
Processed line 190000 of 729927
Processed line 200000 of 729927
Processed line 210000 of 729927
Processed line 220000 of 729927
Processed line 230000 of 729927
Processed line 240000 of 729927
Processed line 250000 of 729927
Processed line 260000 of 729927
Processed line 270000 of 729927
Processed line 280000 of 729927
Processed line 290000 of 729927
Processed line 300000 of 729927
Processed line 310000 of 729927
Processed line 320000 of 729927
Processed line 330000 of 729927
Processed line 340000 of 729927
Processed line 350000 of 729927
Processed line 360000 of 729927
Processed line 370000 of 729927
Processed line 380000 of 729927
Processed line 390000 of 729927
Processed line 400000 of 729927
Processed line 410000 of 729927
Processed line 420000 of 729927
Processed line 430000 of 729927
Processed line 440000 of 729927
Processed line 450000 of 729927
Processed line 460000 of 729927
Processed line 470000 of 729927
Processed line 480000 of 729927
Processed line 490000 of 729927
Processed line 500000 of 729927
Processed line 510000 of 729927
Processed line 520000 of 729927
Processed line 530000 of 729927
Processed line 540000 of 729927
Processed line 550000 of 729927
Processed line 560000 of 729927
Processed line 570000 of 729927
Processed line 580000 of 729927
Processed line 590000 of 729927
Processed line 600000 of 729927
Processed line 610000 of 729927
Processed line 620000 of 729927
Processed line 630000 of 729927
Processed line 640000 of 729927
Processed line 650000 of 729927
Processed line 660000 of 729927
Processed line 670000 of 729927
Processed line 680000 of 729927
Processed line 690000 of 729927
Processed line 700000 of 729927
Processed line 710000 of 729927
Processed line 720000 of 729927
Processed line 729927 of 729927

=== hab2hi | control | throughput=0.15 | eff_tot=0.09 | order=2 ===
 > Finding budget CUTOFF for MT target (5.5 yrs)
Number of planets detected for each experiment:

Experiment_1: 20.15  -  0.4 yrs observed
Experiment_1: 31.61  -  1.0 yrs observed
Experiment_1: 41.98  -  1.7 yrs observed
Experiment_1: 51.28  -  2.5 yrs observed
Experiment_1: 59.14  -  3.3 yrs observed
Experiment_1: 61.28  -  3.5 yrs observed
 > Upper Bound MT: 9.68 yrs @ 5000 ph/s
Number of planets detected for each experiment:

Experiment_1: 23.08  -  0.4 yrs observed
Experiment_1: 36.63  -  0.9 yrs observed
Experiment_1: 48.6  -  1.5 yrs observed
Experiment_1: 60.04  -  2.1 yrs observed
Experiment_1: 60.13  -  2.1 yrs observed
 > Lower Bound MT: 5.32 yrs @ 0 ph/s
 > Ready to start iterations
---------------------------
 > Iteration 3
---------------------------
 > Lower Bound: 0 ph/s | Guess: 279 ph/s | Upper Bound: 5000 ph/s
Number of planets detected for each experiment:

Experiment_1: 22.97  -  0.4 yrs observed
Experiment_1: 36.21  -  0.9 yrs observed
Experiment_1: 48.4  -  1.5 yrs observed
Experiment_1: 59.51  -  2.1 yrs observed
Experiment_1: 60.75  -  2.2 yrs observed
 > Retrieved Guess MT: 5.68 yrs
 > Iteration Result: GUESS REJECTED (too optimistic)
---------------------------
 > Iteration 4
---------------------------
 > Lower Bound: 0 ph/s | Guess: 142 ph/s | Upper Bound: 279 ph/s
Number of planets detected for each experiment:

Experiment_1: 23.07  -  0.4 yrs observed
Experiment_1: 36.48  -  0.9 yrs observed
Experiment_1: 48.26  -  1.5 yrs observed
Experiment_1: 59.63  -  2.1 yrs observed
Experiment_1: 60.43  -  2.1 yrs observed
 > Retrieved Guess MT: 5.54 yrs
 > Iteration Result: GUESS ACCEPTED
>> Budget CUTOFF found: 142 ph/s (4 iterations)
Number of planets detected for each experiment:

Experiment_1: 23.07  -  0.4 yrs observed
Experiment_1: 36.48  -  0.9 yrs observed
Experiment_1: 48.26  -  1.5 yrs observed
Experiment_1: 59.63  -  2.1 yrs observed
Experiment_1: 60.43  -  2.1 yrs observed
>> 5.5 yr | flat: 142.41363438231622 ph/s/um | achieved 5.5411 yr (residual +0.0411) (55.8 s)
 > Finding budget CUTOFF for MT target (5.5 yrs)
Number of planets detected for each experiment:

Experiment_1: 21.14  -  0.4 yrs observed
Experiment_1: 32.62  -  1.0 yrs observed
Experiment_1: 43.32  -  1.6 yrs observed
Experiment_1: 53.27  -  2.3 yrs observed
Experiment_1: 60.2  -  2.9 yrs observed
 > Upper Bound MT: 7.79 yrs @ 5000 ph/s
Number of planets detected for each experiment:

Experiment_1: 23.08  -  0.4 yrs observed
Experiment_1: 36.63  -  0.9 yrs observed
Experiment_1: 48.6  -  1.5 yrs observed
Experiment_1: 60.04  -  2.1 yrs observed
Experiment_1: 60.13  -  2.1 yrs observed
 > Lower Bound MT: 5.32 yrs @ 0 ph/s
 > Ready to start iterations
---------------------------
 > Iteration 3
---------------------------
 > Lower Bound: 0 ph/s | Guess: 438 ph/s | Upper Bound: 5000 ph/s
Number of planets detected for each experiment:

Experiment_1: 22.95  -  0.4 yrs observed
Experiment_1: 36.12  -  0.9 yrs observed
Experiment_1: 48.16  -  1.5 yrs observed
Experiment_1: 59.49  -  2.1 yrs observed
Experiment_1: 61.31  -  2.2 yrs observed
 > Retrieved Guess MT: 5.70 yrs
 > Iteration Result: GUESS REJECTED (too optimistic)
---------------------------
 > Iteration 4
---------------------------
 > Lower Bound: 0 ph/s | Guess: 210 ph/s | Upper Bound: 438 ph/s
Number of planets detected for each experiment:

Experiment_1: 23.06  -  0.4 yrs observed
Experiment_1: 36.5  -  0.9 yrs observed
Experiment_1: 48.29  -  1.5 yrs observed
Experiment_1: 59.64  -  2.1 yrs observed
Experiment_1: 60.67  -  2.1 yrs observed
 > Retrieved Guess MT: 5.53 yrs
 > Iteration Result: GUESS ACCEPTED
>> Budget CUTOFF found: 210 ph/s (4 iterations)
Number of planets detected for each experiment:

Experiment_1: 23.06  -  0.4 yrs observed
Experiment_1: 36.5  -  0.9 yrs observed
Experiment_1: 48.29  -  1.5 yrs observed
Experiment_1: 59.64  -  2.1 yrs observed
Experiment_1: 60.67  -  2.1 yrs observed
>> 5.5 yr | long_weighted: 210.53844469409717 ph/s/um | achieved 5.5295 yr (residual +0.0295) (54.4 s)
 > Finding budget CUTOFF for MT target (5.5 yrs)
Number of planets detected for each experiment:

Experiment_1: 22.01  -  0.4 yrs observed
Experiment_1: 34.3  -  1.0 yrs observed
Experiment_1: 46.58  -  1.6 yrs observed
Experiment_1: 56.58  -  2.3 yrs observed
Experiment_1: 60.05  -  2.6 yrs observed
 > Upper Bound MT: 7.13 yrs @ 5000 ph/s
Number of planets detected for each experiment:

Experiment_1: 23.08  -  0.4 yrs observed
Experiment_1: 36.63  -  0.9 yrs observed
Experiment_1: 48.6  -  1.5 yrs observed
Experiment_1: 60.04  -  2.1 yrs observed
Experiment_1: 60.13  -  2.1 yrs observed
 > Lower Bound MT: 5.32 yrs @ 0 ph/s
 > Ready to start iterations
---------------------------
 > Iteration 3
---------------------------
 > Lower Bound: 0 ph/s | Guess: 572 ph/s | Upper Bound: 5000 ph/s
Number of planets detected for each experiment:

Experiment_1: 23.19  -  0.4 yrs observed
Experiment_1: 36.39  -  0.9 yrs observed
Experiment_1: 48.36  -  1.5 yrs observed
Experiment_1: 59.57  -  2.1 yrs observed
Experiment_1: 60.75  -  2.2 yrs observed
 > Retrieved Guess MT: 5.67 yrs
 > Iteration Result: GUESS REJECTED (too optimistic)
---------------------------
 > Iteration 4
---------------------------
 > Lower Bound: 0 ph/s | Guess: 298 ph/s | Upper Bound: 572 ph/s
Number of planets detected for each experiment:

Experiment_1: 23.08  -  0.4 yrs observed
Experiment_1: 36.48  -  0.9 yrs observed
Experiment_1: 48.42  -  1.5 yrs observed
Experiment_1: 59.78  -  2.1 yrs observed
Experiment_1: 60.04  -  2.1 yrs observed
 > Retrieved Guess MT: 5.45 yrs
 > Iteration Result: GUESS ACCEPTED
>> Budget CUTOFF found: 298 ph/s (4 iterations)
Number of planets detected for each experiment:

Experiment_1: 23.08  -  0.4 yrs observed
Experiment_1: 36.48  -  0.9 yrs observed
Experiment_1: 48.42  -  1.5 yrs observed
Experiment_1: 59.78  -  2.1 yrs observed
Experiment_1: 60.04  -  2.1 yrs observed
>> 5.5 yr | short_weighted: 298.28347706687003 ph/s/um | achieved 5.4549 yr (residual -0.0451) (53.7 s)
 > Finding budget CUTOFF for MT target (6.0 yrs)
Number of planets detected for each experiment:

Experiment_1: 20.15  -  0.4 yrs observed
Experiment_1: 31.61  -  1.0 yrs observed
Experiment_1: 41.98  -  1.7 yrs observed
Experiment_1: 51.28  -  2.5 yrs observed
Experiment_1: 59.14  -  3.3 yrs observed
Experiment_1: 61.28  -  3.5 yrs observed
 > Upper Bound MT: 9.68 yrs @ 5000 ph/s
Number of planets detected for each experiment:

Experiment_1: 23.08  -  0.4 yrs observed
Experiment_1: 36.63  -  0.9 yrs observed
Experiment_1: 48.6  -  1.5 yrs observed
Experiment_1: 60.04  -  2.1 yrs observed
Experiment_1: 60.13  -  2.1 yrs observed
 > Lower Bound MT: 5.32 yrs @ 0 ph/s
 > Ready to start iterations
---------------------------
 > Iteration 3
---------------------------
 > Lower Bound: 0 ph/s | Guess: 1006 ph/s | Upper Bound: 5000 ph/s
Number of planets detected for each experiment:

Experiment_1: 22.4  -  0.4 yrs observed
Experiment_1: 34.69  -  0.9 yrs observed
Experiment_1: 47.14  -  1.5 yrs observed
Experiment_1: 57.49  -  2.2 yrs observed
Experiment_1: 61.54  -  2.5 yrs observed
 > Retrieved Guess MT: 6.45 yrs
 > Iteration Result: GUESS REJECTED (too optimistic)
---------------------------
 > Iteration 4
---------------------------
 > Lower Bound: 0 ph/s | Guess: 627 ph/s | Upper Bound: 1006 ph/s
Number of planets detected for each experiment:

Experiment_1: 22.63  -  0.4 yrs observed
Experiment_1: 35.47  -  0.9 yrs observed
Experiment_1: 47.74  -  1.5 yrs observed
Experiment_1: 58.74  -  2.1 yrs observed
Experiment_1: 61.25  -  2.3 yrs observed
 > Retrieved Guess MT: 6.05 yrs
 > Iteration Result: GUESS REJECTED (too optimistic)
---------------------------
 > Iteration 5
---------------------------
 > Lower Bound: 0 ph/s | Guess: 585 ph/s | Upper Bound: 627 ph/s
Number of planets detected for each experiment:

Experiment_1: 22.69  -  0.4 yrs observed
Experiment_1: 35.5  -  0.9 yrs observed
Experiment_1: 47.83  -  1.5 yrs observed
Experiment_1: 58.69  -  2.1 yrs observed
Experiment_1: 60.97  -  2.3 yrs observed
 > Retrieved Guess MT: 5.92 yrs
 > Iteration Result: GUESS REJECTED (too pessimistic)
---------------------------
 > Iteration 6
---------------------------
 > Lower Bound: 585 ph/s | Guess: 610 ph/s | Upper Bound: 627 ph/s
Number of planets detected for each experiment:

Experiment_1: 22.63  -  0.4 yrs observed
Experiment_1: 35.42  -  0.9 yrs observed
Experiment_1: 47.81  -  1.5 yrs observed
Experiment_1: 58.69  -  2.1 yrs observed
Experiment_1: 61.15  -  2.3 yrs observed
 > Retrieved Guess MT: 6.00 yrs
 > Iteration Result: GUESS ACCEPTED
>> Budget CUTOFF found: 610 ph/s (6 iterations)
Number of planets detected for each experiment:

Experiment_1: 22.63  -  0.4 yrs observed
Experiment_1: 35.42  -  0.9 yrs observed
Experiment_1: 47.81  -  1.5 yrs observed
Experiment_1: 58.69  -  2.1 yrs observed
Experiment_1: 61.15  -  2.3 yrs observed
>> 6.0 yr | flat: 610.2695179236866 ph/s/um | achieved 5.9971 yr (residual -0.0029) (73.2 s)
 > Finding budget CUTOFF for MT target (6.0 yrs)
Number of planets detected for each experiment:

Experiment_1: 21.14  -  0.4 yrs observed
Experiment_1: 32.62  -  1.0 yrs observed
Experiment_1: 43.32  -  1.6 yrs observed
Experiment_1: 53.27  -  2.3 yrs observed
Experiment_1: 60.2  -  2.9 yrs observed
 > Upper Bound MT: 7.79 yrs @ 5000 ph/s
Number of planets detected for each experiment:

Experiment_1: 23.08  -  0.4 yrs observed
Experiment_1: 36.63  -  0.9 yrs observed
Experiment_1: 48.6  -  1.5 yrs observed
Experiment_1: 60.04  -  2.1 yrs observed
Experiment_1: 60.13  -  2.1 yrs observed
 > Lower Bound MT: 5.32 yrs @ 0 ph/s
 > Ready to start iterations
---------------------------
 > Iteration 3
---------------------------
 > Lower Bound: 0 ph/s | Guess: 1577 ph/s | Upper Bound: 5000 ph/s
Number of planets detected for each experiment:

Experiment_1: 22.44  -  0.4 yrs observed
Experiment_1: 34.68  -  0.9 yrs observed
Experiment_1: 46.51  -  1.5 yrs observed
Experiment_1: 57.26  -  2.1 yrs observed
Experiment_1: 61.19  -  2.4 yrs observed
 > Retrieved Guess MT: 6.33 yrs
 > Iteration Result: GUESS REJECTED (too optimistic)
---------------------------
 > Iteration 4
---------------------------
 > Lower Bound: 0 ph/s | Guess: 1089 ph/s | Upper Bound: 1577 ph/s
Number of planets detected for each experiment:

Experiment_1: 22.73  -  0.4 yrs observed
Experiment_1: 35.27  -  0.9 yrs observed
Experiment_1: 47.35  -  1.5 yrs observed
Experiment_1: 58.21  -  2.1 yrs observed
Experiment_1: 61.1  -  2.3 yrs observed
 > Retrieved Guess MT: 5.96 yrs
 > Iteration Result: GUESS ACCEPTED
>> Budget CUTOFF found: 1089 ph/s (4 iterations)
Number of planets detected for each experiment:

Experiment_1: 22.73  -  0.4 yrs observed
Experiment_1: 35.27  -  0.9 yrs observed
Experiment_1: 47.35  -  1.5 yrs observed
Experiment_1: 58.21  -  2.1 yrs observed
Experiment_1: 61.1  -  2.3 yrs observed
>> 6.0 yr | long_weighted: 1089.2909654339312 ph/s/um | achieved 5.9620 yr (residual -0.0380) (52.7 s)
 > Finding budget CUTOFF for MT target (6.0 yrs)
Number of planets detected for each experiment:

Experiment_1: 22.01  -  0.4 yrs observed
Experiment_1: 34.3  -  1.0 yrs observed
Experiment_1: 46.58  -  1.6 yrs observed
Experiment_1: 56.58  -  2.3 yrs observed
Experiment_1: 60.05  -  2.6 yrs observed
 > Upper Bound MT: 7.13 yrs @ 5000 ph/s
Number of planets detected for each experiment:

Experiment_1: 23.08  -  0.4 yrs observed
Experiment_1: 36.63  -  0.9 yrs observed
Experiment_1: 48.6  -  1.5 yrs observed
Experiment_1: 60.04  -  2.1 yrs observed
Experiment_1: 60.13  -  2.1 yrs observed
 > Lower Bound MT: 5.32 yrs @ 0 ph/s
 > Ready to start iterations
---------------------------
 > Iteration 3
---------------------------
 > Lower Bound: 0 ph/s | Guess: 2060 ph/s | Upper Bound: 5000 ph/s
Number of planets detected for each experiment:

Experiment_1: 22.65  -  0.4 yrs observed
Experiment_1: 35.44  -  0.9 yrs observed
Experiment_1: 47.92  -  1.5 yrs observed
Experiment_1: 58.25  -  2.2 yrs observed
Experiment_1: 62.61  -  2.5 yrs observed
 > Retrieved Guess MT: 6.44 yrs
 > Iteration Result: GUESS REJECTED (too optimistic)
---------------------------
 > Iteration 4
---------------------------
 > Lower Bound: 0 ph/s | Guess: 1303 ph/s | Upper Bound: 2060 ph/s
Number of planets detected for each experiment:

Experiment_1: 22.88  -  0.4 yrs observed
Experiment_1: 35.94  -  0.9 yrs observed
Experiment_1: 48.31  -  1.5 yrs observed
Experiment_1: 59.2  -  2.1 yrs observed
Experiment_1: 61.87  -  2.3 yrs observed
 > Retrieved Guess MT: 6.04 yrs
 > Iteration Result: GUESS ACCEPTED
>> Budget CUTOFF found: 1303 ph/s (4 iterations)
Number of planets detected for each experiment:

Experiment_1: 22.88  -  0.4 yrs observed
Experiment_1: 35.94  -  0.9 yrs observed
Experiment_1: 48.31  -  1.5 yrs observed
Experiment_1: 59.2  -  2.1 yrs observed
Experiment_1: 61.87  -  2.3 yrs observed
>> 6.0 yr | short_weighted: 1303.1019295880235 ph/s/um | achieved 6.0450 yr (residual +0.0450) (55.7 s)

Processed line 0 of 486246
Processed line 10000 of 486246
Processed line 20000 of 486246
Processed line 30000 of 486246
Processed line 40000 of 486246
Processed line 50000 of 486246
Processed line 60000 of 486246
Processed line 70000 of 486246
Processed line 80000 of 486246
Processed line 90000 of 486246
Processed line 100000 of 486246
Processed line 110000 of 486246
Processed line 120000 of 486246
Processed line 130000 of 486246
Processed line 140000 of 486246
Processed line 150000 of 486246
Processed line 160000 of 486246
Processed line 170000 of 486246
Processed line 180000 of 486246
Processed line 190000 of 486246
Processed line 200000 of 486246
Processed line 210000 of 486246
Processed line 220000 of 486246
Processed line 230000 of 486246
Processed line 240000 of 486246
Processed line 250000 of 486246
Processed line 260000 of 486246
Processed line 270000 of 486246
Processed line 280000 of 486246
Processed line 290000 of 486246
Processed line 300000 of 486246
Processed line 310000 of 486246
Processed line 320000 of 486246
Processed line 330000 of 486246
Processed line 340000 of 486246
Processed line 350000 of 486246
Processed line 360000 of 486246
Processed line 370000 of 486246
Processed line 380000 of 486246
Processed line 390000 of 486246
Processed line 400000 of 486246
Processed line 410000 of 486246
Processed line 420000 of 486246
Processed line 430000 of 486246
Processed line 440000 of 486246
Processed line 450000 of 486246
Processed line 460000 of 486246
Processed line 470000 of 486246
Processed line 480000 of 486246
Processed line 486246 of 486246

=== hab2lo | control | throughput=0.15 | eff_tot=0.09 | order=2 ===
 > Finding budget CUTOFF for MT target (7.5 yrs)
Number of planets detected for each experiment:

Experiment_1: 15.64  -  0.4 yrs observed
Experiment_1: 25.28  -  1.0 yrs observed
Experiment_1: 33.15  -  1.8 yrs observed
Experiment_1: 39.87  -  2.5 yrs observed
Experiment_1: 46.54  -  3.3 yrs observed
Experiment_1: 52.63  -  4.2 yrs observed
Experiment_1: 58.43  -  5.1 yrs observed
Experiment_1: 61.06  -  5.5 yrs observed
 > Upper Bound MT: 13.55 yrs @ 5000 ph/s
Number of planets detected for each experiment:

Experiment_1: 18.07  -  0.4 yrs observed
Experiment_1: 29.82  -  0.9 yrs observed
Experiment_1: 39.38  -  1.5 yrs observed
Experiment_1: 47.62  -  2.1 yrs observed
Experiment_1: 55.76  -  2.8 yrs observed
Experiment_1: 61.48  -  3.3 yrs observed
 > Lower Bound MT: 7.41 yrs @ 0 ph/s
 > Ready to start iterations
---------------------------
 > Iteration 3
---------------------------
 > Lower Bound: 0 ph/s | Guess: 100 ph/s | Upper Bound: 5000 ph/s
Number of planets detected for each experiment:

Experiment_1: 17.9  -  0.4 yrs observed
Experiment_1: 29.6  -  0.9 yrs observed
Experiment_1: 38.9  -  1.5 yrs observed
Experiment_1: 47.24  -  2.1 yrs observed
Experiment_1: 55.37  -  2.8 yrs observed
Experiment_1: 61.31  -  3.3 yrs observed
 > Retrieved Guess MT: 7.56 yrs
 > Iteration Result: GUESS REJECTED (too optimistic)
---------------------------
 > Iteration 4
---------------------------
 > Lower Bound: 0 ph/s | Guess: 62 ph/s | Upper Bound: 100 ph/s
Number of planets detected for each experiment:

Experiment_1: 17.95  -  0.4 yrs observed
Experiment_1: 29.69  -  0.9 yrs observed
Experiment_1: 38.95  -  1.5 yrs observed
Experiment_1: 47.35  -  2.1 yrs observed
Experiment_1: 55.6  -  2.8 yrs observed
Experiment_1: 61.28  -  3.3 yrs observed
 > Retrieved Guess MT: 7.48 yrs
 > Iteration Result: GUESS ACCEPTED
>> Budget CUTOFF found: 62 ph/s (4 iterations)
Number of planets detected for each experiment:

Experiment_1: 17.95  -  0.4 yrs observed
Experiment_1: 29.69  -  0.9 yrs observed
Experiment_1: 38.95  -  1.5 yrs observed
Experiment_1: 47.35  -  2.1 yrs observed
Experiment_1: 55.6  -  2.8 yrs observed
Experiment_1: 61.28  -  3.3 yrs observed
>> 7.5 yr | flat: 62.16788556411485 ph/s/um | achieved 7.4836 yr (residual -0.0164) (42.2 s)
 > Finding budget CUTOFF for MT target (7.5 yrs)
Number of planets detected for each experiment:

Experiment_1: 16.45  -  0.4 yrs observed
Experiment_1: 26.79  -  1.0 yrs observed
Experiment_1: 34.87  -  1.7 yrs observed
Experiment_1: 41.78  -  2.3 yrs observed
Experiment_1: 48.81  -  3.1 yrs observed
Experiment_1: 55.53  -  3.9 yrs observed
Experiment_1: 60.99  -  4.6 yrs observed
 > Upper Bound MT: 10.89 yrs @ 5000 ph/s
Number of planets detected for each experiment:

Experiment_1: 18.07  -  0.4 yrs observed
Experiment_1: 29.82  -  0.9 yrs observed
Experiment_1: 39.38  -  1.5 yrs observed
Experiment_1: 47.62  -  2.1 yrs observed
Experiment_1: 55.76  -  2.8 yrs observed
Experiment_1: 61.48  -  3.3 yrs observed
 > Lower Bound MT: 7.41 yrs @ 0 ph/s
 > Ready to start iterations
---------------------------
 > Iteration 3
---------------------------
 > Lower Bound: 0 ph/s | Guess: 156 ph/s | Upper Bound: 5000 ph/s
Number of planets detected for each experiment:

Experiment_1: 17.9  -  0.4 yrs observed
Experiment_1: 29.64  -  0.9 yrs observed
Experiment_1: 38.87  -  1.5 yrs observed
Experiment_1: 47.18  -  2.1 yrs observed
Experiment_1: 55.56  -  2.8 yrs observed
Experiment_1: 61.4  -  3.3 yrs observed
 > Retrieved Guess MT: 7.53 yrs
 > Iteration Result: GUESS ACCEPTED
>> Budget CUTOFF found: 156 ph/s (3 iterations)
Number of planets detected for each experiment:

Experiment_1: 17.9  -  0.4 yrs observed
Experiment_1: 29.64  -  0.9 yrs observed
Experiment_1: 38.87  -  1.5 yrs observed
Experiment_1: 47.18  -  2.1 yrs observed
Experiment_1: 55.56  -  2.8 yrs observed
Experiment_1: 61.4  -  3.3 yrs observed
>> 7.5 yr | long_weighted: 156.70160922980827 ph/s/um | achieved 7.5279 yr (residual +0.0279) (33.3 s)
 > Finding budget CUTOFF for MT target (7.5 yrs)
Number of planets detected for each experiment:

Experiment_1: 17.13  -  0.4 yrs observed
Experiment_1: 27.79  -  1.0 yrs observed
Experiment_1: 36.71  -  1.7 yrs observed
Experiment_1: 44.51  -  2.4 yrs observed
Experiment_1: 51.74  -  3.1 yrs observed
Experiment_1: 58.52  -  3.9 yrs observed
Experiment_1: 60.34  -  4.1 yrs observed
 > Upper Bound MT: 10.05 yrs @ 5000 ph/s
Number of planets detected for each experiment:

Experiment_1: 18.07  -  0.4 yrs observed
Experiment_1: 29.82  -  0.9 yrs observed
Experiment_1: 39.38  -  1.5 yrs observed
Experiment_1: 47.62  -  2.1 yrs observed
Experiment_1: 55.76  -  2.8 yrs observed
Experiment_1: 61.48  -  3.3 yrs observed
 > Lower Bound MT: 7.41 yrs @ 0 ph/s
 > Ready to start iterations
---------------------------
 > Iteration 3
---------------------------
 > Lower Bound: 0 ph/s | Guess: 197 ph/s | Upper Bound: 5000 ph/s
Number of planets detected for each experiment:

Experiment_1: 17.95  -  0.4 yrs observed
Experiment_1: 29.67  -  0.9 yrs observed
Experiment_1: 38.98  -  1.5 yrs observed
Experiment_1: 47.3  -  2.1 yrs observed
Experiment_1: 55.43  -  2.8 yrs observed
Experiment_1: 61.23  -  3.3 yrs observed
 > Retrieved Guess MT: 7.52 yrs
 > Iteration Result: GUESS ACCEPTED
>> Budget CUTOFF found: 197 ph/s (3 iterations)
Number of planets detected for each experiment:

Experiment_1: 17.95  -  0.4 yrs observed
Experiment_1: 29.67  -  0.9 yrs observed
Experiment_1: 38.98  -  1.5 yrs observed
Experiment_1: 47.3  -  2.1 yrs observed
Experiment_1: 55.43  -  2.8 yrs observed
Experiment_1: 61.23  -  3.3 yrs observed
>> 7.5 yr | short_weighted: 197.91737390727982 ph/s/um | achieved 7.5210 yr (residual +0.0210) (33.0 s)
 > Finding budget CUTOFF for MT target (8.0 yrs)
Number of planets detected for each experiment:

Experiment_1: 15.64  -  0.4 yrs observed
Experiment_1: 25.28  -  1.0 yrs observed
Experiment_1: 33.15  -  1.8 yrs observed
Experiment_1: 39.87  -  2.5 yrs observed
Experiment_1: 46.54  -  3.3 yrs observed
Experiment_1: 52.63  -  4.2 yrs observed
Experiment_1: 58.43  -  5.1 yrs observed
Experiment_1: 61.06  -  5.5 yrs observed
 > Upper Bound MT: 13.55 yrs @ 5000 ph/s
Number of planets detected for each experiment:

Experiment_1: 18.07  -  0.4 yrs observed
Experiment_1: 29.82  -  0.9 yrs observed
Experiment_1: 39.38  -  1.5 yrs observed
Experiment_1: 47.62  -  2.1 yrs observed
Experiment_1: 55.76  -  2.8 yrs observed
Experiment_1: 61.48  -  3.3 yrs observed
 > Lower Bound MT: 7.41 yrs @ 0 ph/s
 > Ready to start iterations
---------------------------
 > Iteration 3
---------------------------
 > Lower Bound: 0 ph/s | Guess: 634 ph/s | Upper Bound: 5000 ph/s
Number of planets detected for each experiment:

Experiment_1: 17.58  -  0.4 yrs observed
Experiment_1: 28.86  -  0.9 yrs observed
Experiment_1: 37.77  -  1.5 yrs observed
Experiment_1: 45.79  -  2.2 yrs observed
Experiment_1: 54.1  -  2.9 yrs observed
Experiment_1: 60.87  -  3.5 yrs observed
 > Retrieved Guess MT: 8.23 yrs
 > Iteration Result: GUESS REJECTED (too optimistic)
---------------------------
 > Iteration 4
---------------------------
 > Lower Bound: 0 ph/s | Guess: 462 ph/s | Upper Bound: 634 ph/s
Number of planets detected for each experiment:

Experiment_1: 17.65  -  0.4 yrs observed
Experiment_1: 29.04  -  0.9 yrs observed
Experiment_1: 38.05  -  1.5 yrs observed
Experiment_1: 46.23  -  2.2 yrs observed
Experiment_1: 54.48  -  2.9 yrs observed
Experiment_1: 61.28  -  3.5 yrs observed
 > Retrieved Guess MT: 8.04 yrs
 > Iteration Result: GUESS ACCEPTED
>> Budget CUTOFF found: 462 ph/s (4 iterations)
Number of planets detected for each experiment:

Experiment_1: 17.65  -  0.4 yrs observed
Experiment_1: 29.04  -  0.9 yrs observed
Experiment_1: 38.05  -  1.5 yrs observed
Experiment_1: 46.23  -  2.2 yrs observed
Experiment_1: 54.48  -  2.9 yrs observed
Experiment_1: 61.28  -  3.5 yrs observed
>> 8.0 yr | flat: 462.79851336024893 ph/s/um | achieved 8.0365 yr (residual +0.0365) (40.9 s)
 > Finding budget CUTOFF for MT target (8.0 yrs)
Number of planets detected for each experiment:

Experiment_1: 16.45  -  0.4 yrs observed
Experiment_1: 26.79  -  1.0 yrs observed
Experiment_1: 34.87  -  1.7 yrs observed
Experiment_1: 41.78  -  2.3 yrs observed
Experiment_1: 48.81  -  3.1 yrs observed
Experiment_1: 55.53  -  3.9 yrs observed
Experiment_1: 60.99  -  4.6 yrs observed
 > Upper Bound MT: 10.89 yrs @ 5000 ph/s
Number of planets detected for each experiment:

Experiment_1: 18.07  -  0.4 yrs observed
Experiment_1: 29.82  -  0.9 yrs observed
Experiment_1: 39.38  -  1.5 yrs observed
Experiment_1: 47.62  -  2.1 yrs observed
Experiment_1: 55.76  -  2.8 yrs observed
Experiment_1: 61.48  -  3.3 yrs observed
 > Lower Bound MT: 7.41 yrs @ 0 ph/s
 > Ready to start iterations
---------------------------
 > Iteration 3
---------------------------
 > Lower Bound: 0 ph/s | Guess: 994 ph/s | Upper Bound: 5000 ph/s
Number of planets detected for each experiment:

Experiment_1: 17.46  -  0.4 yrs observed
Experiment_1: 28.89  -  0.9 yrs observed
Experiment_1: 37.76  -  1.5 yrs observed
Experiment_1: 45.77  -  2.2 yrs observed
Experiment_1: 53.91  -  2.8 yrs observed
Experiment_1: 61.23  -  3.5 yrs observed
Experiment_1: 61.55  -  3.6 yrs observed
 > Retrieved Guess MT: 8.14 yrs
 > Iteration Result: GUESS REJECTED (too optimistic)
---------------------------
 > Iteration 4
---------------------------
 > Lower Bound: 0 ph/s | Guess: 810 ph/s | Upper Bound: 994 ph/s
Number of planets detected for each experiment:

Experiment_1: 17.55  -  0.4 yrs observed
Experiment_1: 29.06  -  0.9 yrs observed
Experiment_1: 38.07  -  1.5 yrs observed
Experiment_1: 45.92  -  2.2 yrs observed
Experiment_1: 54.11  -  2.8 yrs observed
Experiment_1: 61.45  -  3.5 yrs observed
 > Retrieved Guess MT: 7.99 yrs
 > Iteration Result: GUESS ACCEPTED
>> Budget CUTOFF found: 810 ph/s (4 iterations)
Number of planets detected for each experiment:

Experiment_1: 17.55  -  0.4 yrs observed
Experiment_1: 29.06  -  0.9 yrs observed
Experiment_1: 38.07  -  1.5 yrs observed
Experiment_1: 45.92  -  2.2 yrs observed
Experiment_1: 54.11  -  2.8 yrs observed
Experiment_1: 61.45  -  3.5 yrs observed
>> 8.0 yr | long_weighted: 810.1029744419471 ph/s/um | achieved 7.9917 yr (residual -0.0083) (41.5 s)
 > Finding budget CUTOFF for MT target (8.0 yrs)
Number of planets detected for each experiment:

Experiment_1: 17.13  -  0.4 yrs observed
Experiment_1: 27.79  -  1.0 yrs observed
Experiment_1: 36.71  -  1.7 yrs observed
Experiment_1: 44.51  -  2.4 yrs observed
Experiment_1: 51.74  -  3.1 yrs observed
Experiment_1: 58.52  -  3.9 yrs observed
Experiment_1: 60.34  -  4.1 yrs observed
 > Upper Bound MT: 10.05 yrs @ 5000 ph/s
Number of planets detected for each experiment:

Experiment_1: 18.07  -  0.4 yrs observed
Experiment_1: 29.82  -  0.9 yrs observed
Experiment_1: 39.38  -  1.5 yrs observed
Experiment_1: 47.62  -  2.1 yrs observed
Experiment_1: 55.76  -  2.8 yrs observed
Experiment_1: 61.48  -  3.3 yrs observed
 > Lower Bound MT: 7.41 yrs @ 0 ph/s
 > Ready to start iterations
---------------------------
 > Iteration 3
---------------------------
 > Lower Bound: 0 ph/s | Guess: 1255 ph/s | Upper Bound: 5000 ph/s
Number of planets detected for each experiment:

Experiment_1: 17.74  -  0.4 yrs observed
Experiment_1: 29.06  -  0.9 yrs observed
Experiment_1: 38.42  -  1.6 yrs observed
Experiment_1: 46.38  -  2.2 yrs observed
Experiment_1: 54.53  -  2.9 yrs observed
Experiment_1: 61.44  -  3.6 yrs observed
 > Retrieved Guess MT: 8.18 yrs
 > Iteration Result: GUESS REJECTED (too optimistic)
---------------------------
 > Iteration 4
---------------------------
 > Lower Bound: 0 ph/s | Guess: 973 ph/s | Upper Bound: 1255 ph/s
Number of planets detected for each experiment:

Experiment_1: 17.8  -  0.4 yrs observed
Experiment_1: 29.28  -  0.9 yrs observed
Experiment_1: 38.55  -  1.5 yrs observed
Experiment_1: 46.65  -  2.2 yrs observed
Experiment_1: 54.9  -  2.9 yrs observed
Experiment_1: 61.19  -  3.5 yrs observed
 > Retrieved Guess MT: 8.04 yrs
 > Iteration Result: GUESS ACCEPTED
>> Budget CUTOFF found: 973 ph/s (4 iterations)
Number of planets detected for each experiment:

Experiment_1: 17.8  -  0.4 yrs observed
Experiment_1: 29.28  -  0.9 yrs observed
Experiment_1: 38.55  -  1.5 yrs observed
Experiment_1: 46.65  -  2.2 yrs observed
Experiment_1: 54.9  -  2.9 yrs observed
Experiment_1: 61.19  -  3.5 yrs observed
>> 8.0 yr | short_weighted: 973.9170091171441 ph/s/um | achieved 8.0365 yr (residual +0.0365) (43.2 s)

Results: C:\Users\nicol\Desktop\LIFE\LIFESim\thesis\reproducibility\ablation_throughput.tsv
