
Processed line 0 of 729927
Processed line 10000 of 729927
Processed line 20000 of 729927
Processed line 30000 of 729927
Processed line 40000 of 729927
Processed line 50000 of 729927
Processed line 60000 of 729927
Processed line 70000 of 729927
Processed line 80000 of 729927
Processed line 90000 of 729927
Processed line 100000 of 729927
Processed line 110000 of 729927
Processed line 120000 of 729927
Processed line 130000 of 729927
Processed line 140000 of 729927
Processed line 150000 of 729927
Processed line 160000 of 729927
Processed line 170000 of 729927
Processed line 180000 of 729927
Processed line 190000 of 729927
Processed line 200000 of 729927
Processed line 210000 of 729927
Processed line 220000 of 729927
Processed line 230000 of 729927
Processed line 240000 of 729927
Processed line 250000 of 729927
Processed line 260000 of 729927
Processed line 270000 of 729927
Processed line 280000 of 729927
Processed line 290000 of 729927
Processed line 300000 of 729927
Processed line 310000 of 729927
Processed line 320000 of 729927
Processed line 330000 of 729927
Processed line 340000 of 729927
Processed line 350000 of 729927
Processed line 360000 of 729927
Processed line 370000 of 729927
Processed line 380000 of 729927
Processed line 390000 of 729927
Processed line 400000 of 729927
Processed line 410000 of 729927
Processed line 420000 of 729927
Processed line 430000 of 729927
Processed line 440000 of 729927
Processed line 450000 of 729927
Processed line 460000 of 729927
Processed line 470000 of 729927
Processed line 480000 of 729927
Processed line 490000 of 729927
Processed line 500000 of 729927
Processed line 510000 of 729927
Processed line 520000 of 729927
Processed line 530000 of 729927
Processed line 540000 of 729927
Processed line 550000 of 729927
Processed line 560000 of 729927
Processed line 570000 of 729927
Processed line 580000 of 729927
Processed line 590000 of 729927
Processed line 600000 of 729927
Processed line 610000 of 729927
Processed line 620000 of 729927
Processed line 630000 of 729927
Processed line 640000 of 729927
Processed line 650000 of 729927
Processed line 660000 of 729927
Processed line 670000 of 729927
Processed line 680000 of 729927
Processed line 690000 of 729927
Processed line 700000 of 729927
Processed line 710000 of 729927
Processed line 720000 of 729927
Processed line 729927 of 729927
Number of planets detected for each experiment:

Experiment_1: 23.08  -  0.4 yrs observed
Experiment_1: 36.63  -  0.9 yrs observed
Experiment_1: 48.6  -  1.5 yrs observed
Experiment_1: 60.04  -  2.1 yrs observed
Experiment_1: 60.13  -  2.1 yrs observed
 > Finding budget CUTOFF for MT target (5.5 yrs)
Number of planets detected for each experiment:

Experiment_1: 20.15  -  0.4 yrs observed
Experiment_1: 31.61  -  1.0 yrs observed
Experiment_1: 41.98  -  1.7 yrs observed
Experiment_1: 51.28  -  2.5 yrs observed
Experiment_1: 59.14  -  3.3 yrs observed
Experiment_1: 61.28  -  3.5 yrs observed
 > Upper Bound MT: 9.68 yrs @ 5000 ph/s
Number of planets detected for each experiment:

Experiment_1: 23.08  -  0.4 yrs observed
Experiment_1: 36.63  -  0.9 yrs observed
Experiment_1: 48.6  -  1.5 yrs observed
Experiment_1: 60.04  -  2.1 yrs observed
Experiment_1: 60.13  -  2.1 yrs observed
 > Lower Bound MT: 5.32 yrs @ 0 ph/s
 > Ready to start iterations
---------------------------
 > Iteration 3
---------------------------
 > Lower Bound: 0 ph/s | Guess: 279 ph/s | Upper Bound: 5000 ph/s
Number of planets detected for each experiment:

Experiment_1: 22.97  -  0.4 yrs observed
Experiment_1: 36.21  -  0.9 yrs observed
Experiment_1: 48.4  -  1.5 yrs observed
Experiment_1: 59.51  -  2.1 yrs observed
Experiment_1: 60.75  -  2.2 yrs observed
 > Retrieved Guess MT: 5.68 yrs
 > Iteration Result: GUESS REJECTED (too optimistic)
---------------------------
 > Iteration 4
---------------------------
 > Lower Bound: 0 ph/s | Guess: 142 ph/s | Upper Bound: 279 ph/s
Number of planets detected for each experiment:

Experiment_1: 23.07  -  0.4 yrs observed
Experiment_1: 36.48  -  0.9 yrs observed
Experiment_1: 48.26  -  1.5 yrs observed
Experiment_1: 59.63  -  2.1 yrs observed
Experiment_1: 60.43  -  2.1 yrs observed
 > Retrieved Guess MT: 5.54 yrs
 > Iteration Result: GUESS ACCEPTED
>> Budget CUTOFF found: 142 ph/s (4 iterations)
>> hab2hi | order 2 | corrected: zero-budget 5.3187 yr | flat endpoint 142.41363438231622 ph/s/um at 5.5 yr (55.3 s)
Number of planets detected for each experiment:

Experiment_1: 24.12  -  0.4 yrs observed
Experiment_1: 38.13  -  0.9 yrs observed
Experiment_1: 50.71  -  1.4 yrs observed
Experiment_1: 61.23  -  1.9 yrs observed
 > Finding budget CUTOFF for MT target (5.5 yrs)
Number of planets detected for each experiment:

Experiment_1: 20.68  -  0.4 yrs observed
Experiment_1: 32.07  -  1.0 yrs observed
Experiment_1: 42.78  -  1.7 yrs observed
Experiment_1: 52.4  -  2.4 yrs observed
Experiment_1: 60.42  -  3.2 yrs observed
Experiment_1: 60.66  -  3.2 yrs observed
 > Upper Bound MT: 9.01 yrs @ 5000 ph/s
Number of planets detected for each experiment:

Experiment_1: 24.12  -  0.4 yrs observed
Experiment_1: 38.13  -  0.9 yrs observed
Experiment_1: 50.71  -  1.4 yrs observed
Experiment_1: 61.23  -  1.9 yrs observed
 > Lower Bound MT: 4.82 yrs @ 0 ph/s
 > Ready to start iterations
---------------------------
 > Iteration 3
---------------------------
 > Lower Bound: 0 ph/s | Guess: 1049 ph/s | Upper Bound: 5000 ph/s
Number of planets detected for each experiment:

Experiment_1: 23.0  -  0.4 yrs observed
Experiment_1: 36.31  -  0.9 yrs observed
Experiment_1: 48.44  -  1.5 yrs observed
Experiment_1: 59.58  -  2.1 yrs observed
Experiment_1: 60.85  -  2.2 yrs observed
 > Retrieved Guess MT: 5.79 yrs
 > Iteration Result: GUESS REJECTED (too optimistic)
---------------------------
 > Iteration 4
---------------------------
 > Lower Bound: 0 ph/s | Guess: 751 ph/s | Upper Bound: 1049 ph/s
Number of planets detected for each experiment:

Experiment_1: 23.28  -  0.4 yrs observed
Experiment_1: 36.99  -  0.9 yrs observed
Experiment_1: 49.07  -  1.5 yrs observed
Experiment_1: 60.43  -  2.1 yrs observed
Experiment_1: 60.88  -  2.1 yrs observed
 > Retrieved Guess MT: 5.45 yrs
 > Iteration Result: GUESS ACCEPTED
>> Budget CUTOFF found: 751 ph/s (4 iterations)
>> hab2hi | order 2 | pre_correction: zero-budget 4.8235 yr | flat endpoint 751.9899076477825 ph/s/um at 5.5 yr (58.4 s)
Number of planets detected for each experiment:

Experiment_1: 24.29  -  0.4 yrs observed
Experiment_1: 38.41  -  0.8 yrs observed
Experiment_1: 50.63  -  1.3 yrs observed
Experiment_1: 61.1  -  1.8 yrs observed
 > Finding budget CUTOFF for MT target (5.5 yrs)
Number of planets detected for each experiment:

Experiment_1: 19.61  -  0.4 yrs observed
Experiment_1: 30.65  -  1.0 yrs observed
Experiment_1: 40.3  -  1.7 yrs observed
Experiment_1: 49.03  -  2.5 yrs observed
Experiment_1: 56.67  -  3.3 yrs observed
Experiment_1: 60.64  -  3.8 yrs observed
 > Upper Bound MT: 10.64 yrs @ 5000 ph/s
Number of planets detected for each experiment:

Experiment_1: 24.29  -  0.4 yrs observed
Experiment_1: 38.41  -  0.8 yrs observed
Experiment_1: 50.63  -  1.3 yrs observed
Experiment_1: 61.1  -  1.8 yrs observed
 > Lower Bound MT: 4.47 yrs @ 0 ph/s
 > Ready to start iterations
---------------------------
 > Iteration 3
---------------------------
 > Lower Bound: 0 ph/s | Guess: 1197 ph/s | Upper Bound: 5000 ph/s
Number of planets detected for each experiment:

Experiment_1: 22.49  -  0.4 yrs observed
Experiment_1: 35.16  -  0.9 yrs observed
Experiment_1: 46.92  -  1.5 yrs observed
Experiment_1: 57.06  -  2.2 yrs observed
Experiment_1: 61.16  -  2.4 yrs observed
 > Retrieved Guess MT: 6.37 yrs
 > Iteration Result: GUESS REJECTED (too optimistic)
---------------------------
 > Iteration 4
---------------------------
 > Lower Bound: 0 ph/s | Guess: 702 ph/s | Upper Bound: 1197 ph/s
Number of planets detected for each experiment:

Experiment_1: 23.16  -  0.4 yrs observed
Experiment_1: 36.47  -  0.9 yrs observed
Experiment_1: 48.59  -  1.5 yrs observed
Experiment_1: 59.03  -  2.1 yrs observed
Experiment_1: 60.54  -  2.2 yrs observed
 > Retrieved Guess MT: 5.68 yrs
 > Iteration Result: GUESS REJECTED (too optimistic)
---------------------------
 > Iteration 5
---------------------------
 > Lower Bound: 0 ph/s | Guess: 610 ph/s | Upper Bound: 702 ph/s
Number of planets detected for each experiment:

Experiment_1: 23.37  -  0.4 yrs observed
Experiment_1: 36.65  -  0.9 yrs observed
Experiment_1: 48.93  -  1.4 yrs observed
Experiment_1: 59.55  -  2.1 yrs observed
Experiment_1: 60.42  -  2.1 yrs observed
 > Retrieved Guess MT: 5.41 yrs
 > Iteration Result: GUESS REJECTED (too pessimistic)
---------------------------
 > Iteration 6
---------------------------
 > Lower Bound: 610 ph/s | Guess: 641 ph/s | Upper Bound: 702 ph/s
Number of planets detected for each experiment:

Experiment_1: 23.32  -  0.4 yrs observed
Experiment_1: 36.65  -  0.9 yrs observed
Experiment_1: 48.86  -  1.5 yrs observed
Experiment_1: 59.45  -  2.1 yrs observed
Experiment_1: 60.37  -  2.1 yrs observed
 > Retrieved Guess MT: 5.46 yrs
 > Iteration Result: GUESS ACCEPTED
>> Budget CUTOFF found: 641 ph/s (6 iterations)
>> hab2hi | order 4 | corrected: zero-budget 4.4672 yr | flat endpoint 641.2475680378299 ph/s/um at 5.5 yr (88.1 s)
Number of planets detected for each experiment:

Experiment_1: 25.48  -  0.4 yrs observed
Experiment_1: 40.23  -  0.8 yrs observed
Experiment_1: 53.9  -  1.3 yrs observed
Experiment_1: 60.48  -  1.6 yrs observed
 > Finding budget CUTOFF for MT target (5.5 yrs)
Number of planets detected for each experiment:

Experiment_1: 20.0  -  0.4 yrs observed
Experiment_1: 31.46  -  1.0 yrs observed
Experiment_1: 41.13  -  1.7 yrs observed
Experiment_1: 50.03  -  2.5 yrs observed
Experiment_1: 57.69  -  3.3 yrs observed
Experiment_1: 60.18  -  3.5 yrs observed
 > Upper Bound MT: 10.01 yrs @ 5000 ph/s
Number of planets detected for each experiment:

Experiment_1: 25.48  -  0.4 yrs observed
Experiment_1: 40.23  -  0.8 yrs observed
Experiment_1: 53.9  -  1.3 yrs observed
Experiment_1: 60.48  -  1.6 yrs observed
 > Lower Bound MT: 3.86 yrs @ 0 ph/s
 > Ready to start iterations
---------------------------
 > Iteration 3
---------------------------
 > Lower Bound: 0 ph/s | Guess: 1856 ph/s | Upper Bound: 5000 ph/s
Number of planets detected for each experiment:

Experiment_1: 22.28  -  0.4 yrs observed
Experiment_1: 34.82  -  0.9 yrs observed
Experiment_1: 47.09  -  1.5 yrs observed
Experiment_1: 57.11  -  2.2 yrs observed
Experiment_1: 61.53  -  2.5 yrs observed
 > Retrieved Guess MT: 6.72 yrs
 > Iteration Result: GUESS REJECTED (too optimistic)
---------------------------
 > Iteration 4
---------------------------
 > Lower Bound: 0 ph/s | Guess: 1184 ph/s | Upper Bound: 1856 ph/s
Number of planets detected for each experiment:

Experiment_1: 23.23  -  0.4 yrs observed
Experiment_1: 36.61  -  0.9 yrs observed
Experiment_1: 48.89  -  1.5 yrs observed
Experiment_1: 59.19  -  2.1 yrs observed
Experiment_1: 61.32  -  2.2 yrs observed
 > Retrieved Guess MT: 5.81 yrs
 > Iteration Result: GUESS REJECTED (too optimistic)
---------------------------
 > Iteration 5
---------------------------
 > Lower Bound: 0 ph/s | Guess: 1026 ph/s | Upper Bound: 1184 ph/s
Number of planets detected for each experiment:

Experiment_1: 23.62  -  0.4 yrs observed
Experiment_1: 37.17  -  0.9 yrs observed
Experiment_1: 49.57  -  1.5 yrs observed
Experiment_1: 60.05  -  2.1 yrs observed
Experiment_1: 61.82  -  2.2 yrs observed
 > Retrieved Guess MT: 5.65 yrs
 > Iteration Result: GUESS REJECTED (too optimistic)
---------------------------
 > Iteration 6
---------------------------
 > Lower Bound: 0 ph/s | Guess: 956 ph/s | Upper Bound: 1026 ph/s
Number of planets detected for each experiment:

Experiment_1: 23.8  -  0.4 yrs observed
Experiment_1: 37.32  -  0.9 yrs observed
Experiment_1: 49.85  -  1.5 yrs observed
Experiment_1: 60.32  -  2.1 yrs observed
Experiment_1: 60.92  -  2.1 yrs observed
 > Retrieved Guess MT: 5.42 yrs
 > Iteration Result: GUESS REJECTED (too pessimistic)
---------------------------
 > Iteration 7
---------------------------
 > Lower Bound: 956 ph/s | Guess: 981 ph/s | Upper Bound: 1026 ph/s
Number of planets detected for each experiment:

Experiment_1: 23.67  -  0.4 yrs observed
Experiment_1: 37.26  -  0.9 yrs observed
Experiment_1: 49.78  -  1.5 yrs observed
Experiment_1: 60.32  -  2.1 yrs observed
Experiment_1: 61.1  -  2.1 yrs observed
 > Retrieved Guess MT: 5.44 yrs
 > Iteration Result: GUESS REJECTED (too pessimistic)
---------------------------
 > Iteration 8
---------------------------
 > Lower Bound: 981 ph/s | Guess: 994 ph/s | Upper Bound: 1026 ph/s
Number of planets detected for each experiment:

Experiment_1: 23.68  -  0.4 yrs observed
Experiment_1: 37.19  -  0.9 yrs observed
Experiment_1: 49.69  -  1.5 yrs observed
Experiment_1: 60.25  -  2.1 yrs observed
Experiment_1: 61.04  -  2.1 yrs observed
 > Retrieved Guess MT: 5.50 yrs
 > Iteration Result: GUESS ACCEPTED
>> Budget CUTOFF found: 994 ph/s (8 iterations)
>> hab2hi | order 4 | pre_correction: zero-budget 3.8625 yr | flat endpoint 994.3771098148375 ph/s/um at 5.5 yr (111.6 s)

Processed line 0 of 486246
Processed line 10000 of 486246
Processed line 20000 of 486246
Processed line 30000 of 486246
Processed line 40000 of 486246
Processed line 50000 of 486246
Processed line 60000 of 486246
Processed line 70000 of 486246
Processed line 80000 of 486246
Processed line 90000 of 486246
Processed line 100000 of 486246
Processed line 110000 of 486246
Processed line 120000 of 486246
Processed line 130000 of 486246
Processed line 140000 of 486246
Processed line 150000 of 486246
Processed line 160000 of 486246
Processed line 170000 of 486246
Processed line 180000 of 486246
Processed line 190000 of 486246
Processed line 200000 of 486246
Processed line 210000 of 486246
Processed line 220000 of 486246
Processed line 230000 of 486246
Processed line 240000 of 486246
Processed line 250000 of 486246
Processed line 260000 of 486246
Processed line 270000 of 486246
Processed line 280000 of 486246
Processed line 290000 of 486246
Processed line 300000 of 486246
Processed line 310000 of 486246
Processed line 320000 of 486246
Processed line 330000 of 486246
Processed line 340000 of 486246
Processed line 350000 of 486246
Processed line 360000 of 486246
Processed line 370000 of 486246
Processed line 380000 of 486246
Processed line 390000 of 486246
Processed line 400000 of 486246
Processed line 410000 of 486246
Processed line 420000 of 486246
Processed line 430000 of 486246
Processed line 440000 of 486246
Processed line 450000 of 486246
Processed line 460000 of 486246
Processed line 470000 of 486246
Processed line 480000 of 486246
Processed line 486246 of 486246
Number of planets detected for each experiment:

Experiment_1: 18.07  -  0.4 yrs observed
Experiment_1: 29.82  -  0.9 yrs observed
Experiment_1: 39.38  -  1.5 yrs observed
Experiment_1: 47.62  -  2.1 yrs observed
Experiment_1: 55.76  -  2.8 yrs observed
Experiment_1: 61.48  -  3.3 yrs observed
 > Finding budget CUTOFF for MT target (7.5 yrs)
Number of planets detected for each experiment:

Experiment_1: 15.64  -  0.4 yrs observed
Experiment_1: 25.28  -  1.0 yrs observed
Experiment_1: 33.15  -  1.8 yrs observed
Experiment_1: 39.87  -  2.5 yrs observed
Experiment_1: 46.54  -  3.3 yrs observed
Experiment_1: 52.63  -  4.2 yrs observed
Experiment_1: 58.43  -  5.1 yrs observed
Experiment_1: 61.06  -  5.5 yrs observed
 > Upper Bound MT: 13.55 yrs @ 5000 ph/s
Number of planets detected for each experiment:

Experiment_1: 18.07  -  0.4 yrs observed
Experiment_1: 29.82  -  0.9 yrs observed
Experiment_1: 39.38  -  1.5 yrs observed
Experiment_1: 47.62  -  2.1 yrs observed
Experiment_1: 55.76  -  2.8 yrs observed
Experiment_1: 61.48  -  3.3 yrs observed
 > Lower Bound MT: 7.41 yrs @ 0 ph/s
 > Ready to start iterations
---------------------------
 > Iteration 3
---------------------------
 > Lower Bound: 0 ph/s | Guess: 100 ph/s | Upper Bound: 5000 ph/s
Number of planets detected for each experiment:

Experiment_1: 17.9  -  0.4 yrs observed
Experiment_1: 29.6  -  0.9 yrs observed
Experiment_1: 38.9  -  1.5 yrs observed
Experiment_1: 47.24  -  2.1 yrs observed
Experiment_1: 55.37  -  2.8 yrs observed
Experiment_1: 61.31  -  3.3 yrs observed
 > Retrieved Guess MT: 7.56 yrs
 > Iteration Result: GUESS REJECTED (too optimistic)
---------------------------
 > Iteration 4
---------------------------
 > Lower Bound: 0 ph/s | Guess: 62 ph/s | Upper Bound: 100 ph/s
Number of planets detected for each experiment:

Experiment_1: 17.95  -  0.4 yrs observed
Experiment_1: 29.69  -  0.9 yrs observed
Experiment_1: 38.95  -  1.5 yrs observed
Experiment_1: 47.35  -  2.1 yrs observed
Experiment_1: 55.6  -  2.8 yrs observed
Experiment_1: 61.28  -  3.3 yrs observed
 > Retrieved Guess MT: 7.48 yrs
 > Iteration Result: GUESS ACCEPTED
>> Budget CUTOFF found: 62 ph/s (4 iterations)
>> hab2lo | order 2 | corrected: zero-budget 7.4100 yr | flat endpoint 62.16788556411485 ph/s/um at 7.5 yr (43.9 s)
Number of planets detected for each experiment:

Experiment_1: 18.7  -  0.4 yrs observed
Experiment_1: 30.86  -  0.9 yrs observed
Experiment_1: 41.37  -  1.5 yrs observed
Experiment_1: 50.4  -  2.1 yrs observed
Experiment_1: 59.02  -  2.7 yrs observed
Experiment_1: 62.13  -  3.0 yrs observed
 > Finding budget CUTOFF for MT target (7.5 yrs)
Number of planets detected for each experiment:

Experiment_1: 15.98  -  0.4 yrs observed
Experiment_1: 25.68  -  1.0 yrs observed
Experiment_1: 33.73  -  1.7 yrs observed
Experiment_1: 40.89  -  2.5 yrs observed
Experiment_1: 47.63  -  3.3 yrs observed
Experiment_1: 53.78  -  4.1 yrs observed
Experiment_1: 59.75  -  5.0 yrs observed
Experiment_1: 61.0  -  5.2 yrs observed
 > Upper Bound MT: 12.76 yrs @ 5000 ph/s
Number of planets detected for each experiment:

Experiment_1: 18.7  -  0.4 yrs observed
Experiment_1: 30.86  -  0.9 yrs observed
Experiment_1: 41.37  -  1.5 yrs observed
Experiment_1: 50.4  -  2.1 yrs observed
Experiment_1: 59.02  -  2.7 yrs observed
Experiment_1: 62.13  -  3.0 yrs observed
 > Lower Bound MT: 6.57 yrs @ 0 ph/s
 > Ready to start iterations
---------------------------
 > Iteration 3
---------------------------
 > Lower Bound: 0 ph/s | Guess: 994 ph/s | Upper Bound: 5000 ph/s
Number of planets detected for each experiment:

Experiment_1: 18.02  -  0.4 yrs observed
Experiment_1: 29.57  -  0.9 yrs observed
Experiment_1: 38.94  -  1.5 yrs observed
Experiment_1: 47.28  -  2.2 yrs observed
Experiment_1: 55.34  -  2.9 yrs observed
Experiment_1: 61.37  -  3.5 yrs observed
 > Retrieved Guess MT: 7.96 yrs
 > Iteration Result: GUESS REJECTED (too optimistic)
---------------------------
 > Iteration 4
---------------------------
 > Lower Bound: 0 ph/s | Guess: 686 ph/s | Upper Bound: 994 ph/s
Number of planets detected for each experiment:

Experiment_1: 18.18  -  0.4 yrs observed
Experiment_1: 30.06  -  0.9 yrs observed
Experiment_1: 39.43  -  1.5 yrs observed
Experiment_1: 47.76  -  2.1 yrs observed
Experiment_1: 55.85  -  2.8 yrs observed
Experiment_1: 61.13  -  3.3 yrs observed
 > Retrieved Guess MT: 7.49 yrs
 > Iteration Result: GUESS ACCEPTED
>> Budget CUTOFF found: 686 ph/s (4 iterations)
>> hab2lo | order 2 | pre_correction: zero-budget 6.5729 yr | flat endpoint 686.1167149339079 ph/s/um at 7.5 yr (45.3 s)
Number of planets detected for each experiment:

Experiment_1: 18.97  -  0.4 yrs observed
Experiment_1: 30.75  -  0.8 yrs observed
Experiment_1: 40.68  -  1.4 yrs observed
Experiment_1: 49.64  -  2.0 yrs observed
Experiment_1: 57.89  -  2.6 yrs observed
Experiment_1: 61.01  -  2.8 yrs observed
 > Finding budget CUTOFF for MT target (7.5 yrs)
Number of planets detected for each experiment:

Experiment_1: 15.42  -  0.4 yrs observed
Experiment_1: 24.28  -  1.1 yrs observed
Experiment_1: 31.38  -  1.8 yrs observed
Experiment_1: 37.87  -  2.5 yrs observed
Experiment_1: 43.93  -  3.4 yrs observed
Experiment_1: 49.88  -  4.3 yrs observed
Experiment_1: 55.54  -  5.3 yrs observed
Experiment_1: 60.43  -  6.3 yrs observed
 > Upper Bound MT: 15.63 yrs @ 5000 ph/s
Number of planets detected for each experiment:

Experiment_1: 18.97  -  0.4 yrs observed
Experiment_1: 30.75  -  0.8 yrs observed
Experiment_1: 40.68  -  1.4 yrs observed
Experiment_1: 49.64  -  2.0 yrs observed
Experiment_1: 57.89  -  2.6 yrs observed
Experiment_1: 61.01  -  2.8 yrs observed
 > Lower Bound MT: 6.04 yrs @ 0 ph/s
 > Ready to start iterations
---------------------------
 > Iteration 3
---------------------------
 > Lower Bound: 0 ph/s | Guess: 1137 ph/s | Upper Bound: 5000 ph/s
Number of planets detected for each experiment:

Experiment_1: 17.62  -  0.4 yrs observed
Experiment_1: 28.43  -  0.9 yrs observed
Experiment_1: 37.26  -  1.6 yrs observed
Experiment_1: 44.59  -  2.2 yrs observed
Experiment_1: 52.19  -  2.9 yrs observed
Experiment_1: 59.28  -  3.6 yrs observed
Experiment_1: 59.76  -  3.7 yrs observed
 > Retrieved Guess MT: 8.69 yrs
 > Iteration Result: GUESS REJECTED (too optimistic)
---------------------------
 > Iteration 4
---------------------------
 > Lower Bound: 0 ph/s | Guess: 676 ph/s | Upper Bound: 1137 ph/s
Number of planets detected for each experiment:

Experiment_1: 18.09  -  0.4 yrs observed
Experiment_1: 29.22  -  0.9 yrs observed
Experiment_1: 38.35  -  1.5 yrs observed
Experiment_1: 46.37  -  2.1 yrs observed
Experiment_1: 54.08  -  2.8 yrs observed
Experiment_1: 59.75  -  3.4 yrs observed
 > Retrieved Guess MT: 7.72 yrs
 > Iteration Result: GUESS REJECTED (too optimistic)
---------------------------
 > Iteration 5
---------------------------
 > Lower Bound: 0 ph/s | Guess: 596 ph/s | Upper Bound: 676 ph/s
Number of planets detected for each experiment:

Experiment_1: 18.12  -  0.4 yrs observed
Experiment_1: 29.36  -  0.9 yrs observed
Experiment_1: 38.72  -  1.5 yrs observed
Experiment_1: 46.75  -  2.1 yrs observed
Experiment_1: 54.78  -  2.8 yrs observed
Experiment_1: 60.05  -  3.3 yrs observed
 > Retrieved Guess MT: 7.53 yrs
 > Iteration Result: GUESS ACCEPTED
>> Budget CUTOFF found: 596 ph/s (5 iterations)
>> hab2lo | order 4 | corrected: zero-budget 6.0416 yr | flat endpoint 596.4540450284709 ph/s/um at 7.5 yr (60.2 s)
Number of planets detected for each experiment:

Experiment_1: 19.53  -  0.4 yrs observed
Experiment_1: 32.01  -  0.8 yrs observed
Experiment_1: 42.58  -  1.3 yrs observed
Experiment_1: 52.21  -  1.9 yrs observed
Experiment_1: 60.11  -  2.4 yrs observed
 > Finding budget CUTOFF for MT target (7.5 yrs)
Number of planets detected for each experiment:

Experiment_1: 15.72  -  0.4 yrs observed
Experiment_1: 24.77  -  1.1 yrs observed
Experiment_1: 32.03  -  1.8 yrs observed
Experiment_1: 38.76  -  2.5 yrs observed
Experiment_1: 45.06  -  3.4 yrs observed
Experiment_1: 51.27  -  4.3 yrs observed
Experiment_1: 56.7  -  5.2 yrs observed
Experiment_1: 60.07  -  5.9 yrs observed
 > Upper Bound MT: 14.82 yrs @ 5000 ph/s
Number of planets detected for each experiment:

Experiment_1: 19.53  -  0.4 yrs observed
Experiment_1: 32.01  -  0.8 yrs observed
Experiment_1: 42.58  -  1.3 yrs observed
Experiment_1: 52.21  -  1.9 yrs observed
Experiment_1: 60.11  -  2.4 yrs observed
 > Lower Bound MT: 5.20 yrs @ 0 ph/s
 > Ready to start iterations
---------------------------
 > Iteration 3
---------------------------
 > Lower Bound: 0 ph/s | Guess: 1746 ph/s | Upper Bound: 5000 ph/s
Number of planets detected for each experiment:

Experiment_1: 17.81  -  0.4 yrs observed
Experiment_1: 28.5  -  1.0 yrs observed
Experiment_1: 37.18  -  1.6 yrs observed
Experiment_1: 44.66  -  2.3 yrs observed
Experiment_1: 52.26  -  3.0 yrs observed
Experiment_1: 59.16  -  3.7 yrs observed
Experiment_1: 60.5  -  3.9 yrs observed
 > Retrieved Guess MT: 9.17 yrs
 > Iteration Result: GUESS REJECTED (too optimistic)
---------------------------
 > Iteration 4
---------------------------
 > Lower Bound: 0 ph/s | Guess: 1126 ph/s | Upper Bound: 1746 ph/s
Number of planets detected for each experiment:

Experiment_1: 18.3  -  0.4 yrs observed
Experiment_1: 29.49  -  0.9 yrs observed
Experiment_1: 38.23  -  1.5 yrs observed
Experiment_1: 46.72  -  2.2 yrs observed
Experiment_1: 54.02  -  2.8 yrs observed
Experiment_1: 60.14  -  3.4 yrs observed
 > Retrieved Guess MT: 7.91 yrs
 > Iteration Result: GUESS REJECTED (too optimistic)
---------------------------
 > Iteration 5
---------------------------
 > Lower Bound: 0 ph/s | Guess: 982 ph/s | Upper Bound: 1126 ph/s
Number of planets detected for each experiment:

Experiment_1: 18.34  -  0.4 yrs observed
Experiment_1: 29.75  -  0.9 yrs observed
Experiment_1: 38.7  -  1.5 yrs observed
Experiment_1: 47.37  -  2.2 yrs observed
Experiment_1: 54.96  -  2.8 yrs observed
Experiment_1: 60.89  -  3.4 yrs observed
 > Retrieved Guess MT: 7.69 yrs
 > Iteration Result: GUESS REJECTED (too optimistic)
---------------------------
 > Iteration 6
---------------------------
 > Lower Bound: 0 ph/s | Guess: 920 ph/s | Upper Bound: 982 ph/s
Number of planets detected for each experiment:

Experiment_1: 18.44  -  0.4 yrs observed
Experiment_1: 29.89  -  0.9 yrs observed
Experiment_1: 39.06  -  1.5 yrs observed
Experiment_1: 47.57  -  2.1 yrs observed
Experiment_1: 55.22  -  2.8 yrs observed
Experiment_1: 61.13  -  3.4 yrs observed
 > Retrieved Guess MT: 7.57 yrs
 > Iteration Result: GUESS REJECTED (too optimistic)
---------------------------
 > Iteration 7
---------------------------
 > Lower Bound: 0 ph/s | Guess: 896 ph/s | Upper Bound: 920 ph/s
Number of planets detected for each experiment:

Experiment_1: 18.45  -  0.4 yrs observed
Experiment_1: 29.92  -  0.9 yrs observed
Experiment_1: 39.21  -  1.5 yrs observed
Experiment_1: 47.76  -  2.1 yrs observed
Experiment_1: 55.5  -  2.8 yrs observed
Experiment_1: 61.12  -  3.3 yrs observed
 > Retrieved Guess MT: 7.52 yrs
 > Iteration Result: GUESS ACCEPTED
>> Budget CUTOFF found: 896 ph/s (7 iterations)
>> hab2lo | order 4 | pre_correction: zero-budget 5.2023 yr | flat endpoint 896.8518956682607 ph/s/um at 7.5 yr (80.9 s)

Defect-impact results: C:\Users\nicol\Desktop\LIFE\LIFESim\thesis\reproducibility\localzodi_defect_impact.tsv
