
Processed line 0 of 729927
Processed line 10000 of 729927
Processed line 20000 of 729927
Processed line 30000 of 729927
Processed line 40000 of 729927
Processed line 50000 of 729927
Processed line 60000 of 729927
Processed line 70000 of 729927
Processed line 80000 of 729927
Processed line 90000 of 729927
Processed line 100000 of 729927
Processed line 110000 of 729927
Processed line 120000 of 729927
Processed line 130000 of 729927
Processed line 140000 of 729927
Processed line 150000 of 729927
Processed line 160000 of 729927
Processed line 170000 of 729927
Processed line 180000 of 729927
Processed line 190000 of 729927
Processed line 200000 of 729927
Processed line 210000 of 729927
Processed line 220000 of 729927
Processed line 230000 of 729927
Processed line 240000 of 729927
Processed line 250000 of 729927
Processed line 260000 of 729927
Processed line 270000 of 729927
Processed line 280000 of 729927
Processed line 290000 of 729927
Processed line 300000 of 729927
Processed line 310000 of 729927
Processed line 320000 of 729927
Processed line 330000 of 729927
Processed line 340000 of 729927
Processed line 350000 of 729927
Processed line 360000 of 729927
Processed line 370000 of 729927
Processed line 380000 of 729927
Processed line 390000 of 729927
Processed line 400000 of 729927
Processed line 410000 of 729927
Processed line 420000 of 729927
Processed line 430000 of 729927
Processed line 440000 of 729927
Processed line 450000 of 729927
Processed line 460000 of 729927
Processed line 470000 of 729927
Processed line 480000 of 729927
Processed line 490000 of 729927
Processed line 500000 of 729927
Processed line 510000 of 729927
Processed line 520000 of 729927
Processed line 530000 of 729927
Processed line 540000 of 729927
Processed line 550000 of 729927
Processed line 560000 of 729927
Processed line 570000 of 729927
Processed line 580000 of 729927
Processed line 590000 of 729927
Processed line 600000 of 729927
Processed line 610000 of 729927
Processed line 620000 of 729927
Processed line 630000 of 729927
Processed line 640000 of 729927
Processed line 650000 of 729927
Processed line 660000 of 729927
Processed line 670000 of 729927
Processed line 680000 of 729927
Processed line 690000 of 729927
Processed line 700000 of 729927
Processed line 710000 of 729927
Processed line 720000 of 729927
Processed line 729927 of 729927

=== hab2hi | six-aperture triple nuller | baseline constant 1.137567 (reference 0.589402) ===
 > Finding budget CUTOFF for MT target (5.5 yrs)
Number of planets detected for each experiment:

Experiment_1: 18.18  -  0.5 yrs observed
Experiment_1: 28.67  -  1.1 yrs observed
Experiment_1: 38.0  -  1.8 yrs observed
Experiment_1: 45.97  -  2.6 yrs observed
Experiment_1: 52.77  -  3.5 yrs observed
Experiment_1: 59.26  -  4.3 yrs observed
Experiment_1: 60.7  -  4.5 yrs observed
 > Upper Bound MT: 13.87 yrs @ 5000 ph/s
Number of planets detected for each experiment:

Experiment_1: 23.27  -  0.4 yrs observed
Experiment_1: 37.02  -  0.9 yrs observed
Experiment_1: 48.7  -  1.4 yrs observed
Experiment_1: 60.41  -  2.0 yrs observed
 > Lower Bound MT: 4.98 yrs @ 0 ph/s
 > Ready to start iterations
---------------------------
 > Iteration 3
---------------------------
 > Lower Bound: 0 ph/s | Guess: 484 ph/s | Upper Bound: 5000 ph/s
Number of planets detected for each experiment:

Experiment_1: 22.56  -  0.4 yrs observed
Experiment_1: 35.05  -  0.9 yrs observed
Experiment_1: 47.41  -  1.5 yrs observed
Experiment_1: 57.52  -  2.1 yrs observed
Experiment_1: 62.11  -  2.5 yrs observed
 > Retrieved Guess MT: 6.18 yrs
 > Iteration Result: GUESS REJECTED (too optimistic)
---------------------------
 > Iteration 4
---------------------------
 > Lower Bound: 0 ph/s | Guess: 222 ph/s | Upper Bound: 484 ph/s
Number of planets detected for each experiment:

Experiment_1: 22.88  -  0.4 yrs observed
Experiment_1: 36.11  -  0.9 yrs observed
Experiment_1: 47.96  -  1.4 yrs observed
Experiment_1: 59.17  -  2.1 yrs observed
Experiment_1: 62.92  -  2.3 yrs observed
 > Retrieved Guess MT: 5.84 yrs
 > Iteration Result: GUESS REJECTED (too optimistic)
---------------------------
 > Iteration 5
---------------------------
 > Lower Bound: 0 ph/s | Guess: 138 ph/s | Upper Bound: 222 ph/s
Number of planets detected for each experiment:

Experiment_1: 23.01  -  0.4 yrs observed
Experiment_1: 36.59  -  0.9 yrs observed
Experiment_1: 48.23  -  1.4 yrs observed
Experiment_1: 59.69  -  2.0 yrs observed
Experiment_1: 61.94  -  2.2 yrs observed
 > Retrieved Guess MT: 5.54 yrs
 > Iteration Result: GUESS ACCEPTED
>> Budget CUTOFF found: 138 ph/s (5 iterations)
[!] Running in plot mode!
Number of planets detected for each experiment:

Experiment_1: 23.01  -  0.4 yrs observed
Experiment_1: 36.59  -  0.9 yrs observed
Experiment_1: 48.23  -  1.4 yrs observed
Experiment_1: 59.69  -  2.0 yrs observed
Experiment_1: 61.94  -  2.2 yrs observed
>> 5.5 yr | flat: 138.14705637098447 ph/s/um | achieved 5.5361 yr (95.1 s)
 > Finding budget CUTOFF for MT target (5.5 yrs)
Number of planets detected for each experiment:

Experiment_1: 19.95  -  0.4 yrs observed
Experiment_1: 30.9  -  1.0 yrs observed
Experiment_1: 40.94  -  1.7 yrs observed
Experiment_1: 48.99  -  2.4 yrs observed
Experiment_1: 57.82  -  3.1 yrs observed
Experiment_1: 61.95  -  3.6 yrs observed
 > Upper Bound MT: 9.60 yrs @ 5000 ph/s
Number of planets detected for each experiment:

Experiment_1: 23.27  -  0.4 yrs observed
Experiment_1: 37.02  -  0.9 yrs observed
Experiment_1: 48.7  -  1.4 yrs observed
Experiment_1: 60.41  -  2.0 yrs observed
 > Lower Bound MT: 4.98 yrs @ 0 ph/s
 > Ready to start iterations
---------------------------
 > Iteration 3
---------------------------
 > Lower Bound: 0 ph/s | Guess: 756 ph/s | Upper Bound: 5000 ph/s
Number of planets detected for each experiment:

Experiment_1: 22.49  -  0.4 yrs observed
Experiment_1: 35.46  -  0.9 yrs observed
Experiment_1: 47.18  -  1.4 yrs observed
Experiment_1: 57.87  -  2.1 yrs observed
Experiment_1: 63.26  -  2.4 yrs observed
 > Retrieved Guess MT: 5.98 yrs
 > Iteration Result: GUESS REJECTED (too optimistic)
---------------------------
 > Iteration 4
---------------------------
 > Lower Bound: 0 ph/s | Guess: 410 ph/s | Upper Bound: 756 ph/s
Number of planets detected for each experiment:

Experiment_1: 22.77  -  0.4 yrs observed
Experiment_1: 36.26  -  0.9 yrs observed
Experiment_1: 47.78  -  1.4 yrs observed
Experiment_1: 59.16  -  2.0 yrs observed
Experiment_1: 63.12  -  2.3 yrs observed
 > Retrieved Guess MT: 5.60 yrs
 > Iteration Result: GUESS REJECTED (too optimistic)
---------------------------
 > Iteration 5
---------------------------
 > Lower Bound: 0 ph/s | Guess: 347 ph/s | Upper Bound: 410 ph/s
Number of planets detected for each experiment:

Experiment_1: 22.91  -  0.4 yrs observed
Experiment_1: 36.34  -  0.9 yrs observed
Experiment_1: 47.88  -  1.4 yrs observed
Experiment_1: 59.4  -  2.0 yrs observed
Experiment_1: 62.77  -  2.3 yrs observed
 > Retrieved Guess MT: 5.51 yrs
 > Iteration Result: GUESS ACCEPTED
>> Budget CUTOFF found: 347 ph/s (5 iterations)
[!] Running in plot mode!
Number of planets detected for each experiment:

Experiment_1: 22.91  -  0.4 yrs observed
Experiment_1: 36.34  -  0.9 yrs observed
Experiment_1: 47.88  -  1.4 yrs observed
Experiment_1: 59.4  -  2.0 yrs observed
Experiment_1: 62.77  -  2.3 yrs observed
>> 5.5 yr | long_weighted: 347.0934216327573 ph/s/um | achieved 5.5105 yr (84.9 s)
 > Finding budget CUTOFF for MT target (5.5 yrs)
Number of planets detected for each experiment:

Experiment_1: 20.68  -  0.4 yrs observed
Experiment_1: 32.87  -  1.0 yrs observed
Experiment_1: 43.69  -  1.7 yrs observed
Experiment_1: 52.9  -  2.4 yrs observed
Experiment_1: 60.52  -  3.2 yrs observed
Experiment_1: 60.9  -  3.2 yrs observed
 > Upper Bound MT: 9.45 yrs @ 5000 ph/s
Number of planets detected for each experiment:

Experiment_1: 23.27  -  0.4 yrs observed
Experiment_1: 37.02  -  0.9 yrs observed
Experiment_1: 48.7  -  1.4 yrs observed
Experiment_1: 60.41  -  2.0 yrs observed
 > Lower Bound MT: 4.98 yrs @ 0 ph/s
 > Ready to start iterations
---------------------------
 > Iteration 3
---------------------------
 > Lower Bound: 0 ph/s | Guess: 775 ph/s | Upper Bound: 5000 ph/s
Number of planets detected for each experiment:

Experiment_1: 22.67  -  0.4 yrs observed
Experiment_1: 35.66  -  0.9 yrs observed
Experiment_1: 48.19  -  1.5 yrs observed
Experiment_1: 57.75  -  2.1 yrs observed
Experiment_1: 61.86  -  2.4 yrs observed
 > Retrieved Guess MT: 6.10 yrs
 > Iteration Result: GUESS REJECTED (too optimistic)
---------------------------
 > Iteration 4
---------------------------
 > Lower Bound: 0 ph/s | Guess: 379 ph/s | Upper Bound: 775 ph/s
Number of planets detected for each experiment:

Experiment_1: 22.97  -  0.4 yrs observed
Experiment_1: 36.5  -  0.9 yrs observed
Experiment_1: 48.48  -  1.5 yrs observed
Experiment_1: 59.47  -  2.1 yrs observed
Experiment_1: 62.99  -  2.3 yrs observed
 > Retrieved Guess MT: 5.83 yrs
 > Iteration Result: GUESS REJECTED (too optimistic)
---------------------------
 > Iteration 5
---------------------------
 > Lower Bound: 0 ph/s | Guess: 239 ph/s | Upper Bound: 379 ph/s
Number of planets detected for each experiment:

Experiment_1: 23.02  -  0.4 yrs observed
Experiment_1: 36.47  -  0.9 yrs observed
Experiment_1: 48.25  -  1.4 yrs observed
Experiment_1: 59.82  -  2.0 yrs observed
Experiment_1: 63.33  -  2.3 yrs observed
 > Retrieved Guess MT: 5.72 yrs
 > Iteration Result: GUESS REJECTED (too optimistic)
---------------------------
 > Iteration 6
---------------------------
 > Lower Bound: 0 ph/s | Guess: 172 ph/s | Upper Bound: 239 ph/s
Number of planets detected for each experiment:

Experiment_1: 23.05  -  0.4 yrs observed
Experiment_1: 36.66  -  0.9 yrs observed
Experiment_1: 48.32  -  1.4 yrs observed
Experiment_1: 59.76  -  2.0 yrs observed
Experiment_1: 61.64  -  2.1 yrs observed
 > Retrieved Guess MT: 5.39 yrs
 > Iteration Result: GUESS REJECTED (too pessimistic)
---------------------------
 > Iteration 7
---------------------------
 > Lower Bound: 172 ph/s | Guess: 195 ph/s | Upper Bound: 239 ph/s
Number of planets detected for each experiment:

Experiment_1: 23.01  -  0.4 yrs observed
Experiment_1: 36.57  -  0.9 yrs observed
Experiment_1: 48.3  -  1.4 yrs observed
Experiment_1: 59.86  -  2.0 yrs observed
Experiment_1: 63.25  -  2.2 yrs observed
 > Retrieved Guess MT: 5.58 yrs
 > Iteration Result: GUESS REJECTED (too optimistic)
---------------------------
 > Iteration 8
---------------------------
 > Lower Bound: 172 ph/s | Guess: 186 ph/s | Upper Bound: 195 ph/s
Number of planets detected for each experiment:

Experiment_1: 23.05  -  0.4 yrs observed
Experiment_1: 36.57  -  0.9 yrs observed
Experiment_1: 48.31  -  1.4 yrs observed
Experiment_1: 59.76  -  2.0 yrs observed
Experiment_1: 63.33  -  2.2 yrs observed
 > Retrieved Guess MT: 5.57 yrs
 > Iteration Result: GUESS REJECTED (too optimistic)
---------------------------
 > Iteration 9
---------------------------
 > Lower Bound: 172 ph/s | Guess: 181 ph/s | Upper Bound: 186 ph/s
Number of planets detected for each experiment:

Experiment_1: 23.0  -  0.4 yrs observed
Experiment_1: 36.6  -  0.9 yrs observed
Experiment_1: 48.35  -  1.4 yrs observed
Experiment_1: 59.73  -  2.0 yrs observed
Experiment_1: 63.24  -  2.2 yrs observed
 > Retrieved Guess MT: 5.55 yrs
 > Iteration Result: GUESS REJECTED (too optimistic)
>> Budget CUTOFF found: 181 ph/s (9 iterations)
[!] Running in plot mode!
Number of planets detected for each experiment:

Experiment_1: 23.0  -  0.4 yrs observed
Experiment_1: 36.6  -  0.9 yrs observed
Experiment_1: 48.35  -  1.4 yrs observed
Experiment_1: 59.73  -  2.0 yrs observed
Experiment_1: 63.24  -  2.2 yrs observed
>> 5.5 yr | short_weighted: 181.38125442951102 ph/s/um | achieved 5.5538 yr (139.3 s)
 > Finding budget CUTOFF for MT target (6.0 yrs)
Number of planets detected for each experiment:

Experiment_1: 18.18  -  0.5 yrs observed
Experiment_1: 28.67  -  1.1 yrs observed
Experiment_1: 38.0  -  1.8 yrs observed
Experiment_1: 45.97  -  2.6 yrs observed
Experiment_1: 52.77  -  3.5 yrs observed
Experiment_1: 59.26  -  4.3 yrs observed
Experiment_1: 60.7  -  4.5 yrs observed
 > Upper Bound MT: 13.87 yrs @ 5000 ph/s
Number of planets detected for each experiment:

Experiment_1: 23.27  -  0.4 yrs observed
Experiment_1: 37.02  -  0.9 yrs observed
Experiment_1: 48.7  -  1.4 yrs observed
Experiment_1: 60.41  -  2.0 yrs observed
 > Lower Bound MT: 4.98 yrs @ 0 ph/s
 > Ready to start iterations
---------------------------
 > Iteration 3
---------------------------
 > Lower Bound: 0 ph/s | Guess: 909 ph/s | Upper Bound: 5000 ph/s
Number of planets detected for each experiment:

Experiment_1: 21.67  -  0.4 yrs observed
Experiment_1: 33.92  -  0.9 yrs observed
Experiment_1: 45.79  -  1.5 yrs observed
Experiment_1: 55.55  -  2.2 yrs observed
Experiment_1: 61.14  -  2.7 yrs observed
 > Retrieved Guess MT: 7.04 yrs
 > Iteration Result: GUESS REJECTED (too optimistic)
---------------------------
 > Iteration 4
---------------------------
 > Lower Bound: 0 ph/s | Guess: 490 ph/s | Upper Bound: 909 ph/s
Number of planets detected for each experiment:

Experiment_1: 22.56  -  0.4 yrs observed
Experiment_1: 35.05  -  0.9 yrs observed
Experiment_1: 47.4  -  1.5 yrs observed
Experiment_1: 57.5  -  2.1 yrs observed
Experiment_1: 62.09  -  2.5 yrs observed
 > Retrieved Guess MT: 6.19 yrs
 > Iteration Result: GUESS REJECTED (too optimistic)
---------------------------
 > Iteration 5
---------------------------
 > Lower Bound: 0 ph/s | Guess: 420 ph/s | Upper Bound: 490 ph/s
Number of planets detected for each experiment:

Experiment_1: 22.59  -  0.4 yrs observed
Experiment_1: 35.32  -  0.9 yrs observed
Experiment_1: 47.65  -  1.5 yrs observed
Experiment_1: 57.93  -  2.1 yrs observed
Experiment_1: 62.18  -  2.4 yrs observed
 > Retrieved Guess MT: 6.08 yrs
 > Iteration Result: GUESS REJECTED (too optimistic)
---------------------------
 > Iteration 6
---------------------------
 > Lower Bound: 0 ph/s | Guess: 394 ph/s | Upper Bound: 420 ph/s
Number of planets detected for each experiment:

Experiment_1: 22.66  -  0.4 yrs observed
Experiment_1: 35.38  -  0.9 yrs observed
Experiment_1: 47.74  -  1.5 yrs observed
Experiment_1: 58.11  -  2.1 yrs observed
Experiment_1: 62.37  -  2.4 yrs observed
 > Retrieved Guess MT: 6.03 yrs
 > Iteration Result: GUESS ACCEPTED
>> Budget CUTOFF found: 394 ph/s (6 iterations)
[!] Running in plot mode!
Number of planets detected for each experiment:

Experiment_1: 22.66  -  0.4 yrs observed
Experiment_1: 35.38  -  0.9 yrs observed
Experiment_1: 47.74  -  1.5 yrs observed
Experiment_1: 58.11  -  2.1 yrs observed
Experiment_1: 62.37  -  2.4 yrs observed
>> 6.0 yr | flat: 394.4889462651581 ph/s/um | achieved 6.0320 yr (94.5 s)
 > Finding budget CUTOFF for MT target (6.0 yrs)
Number of planets detected for each experiment:

Experiment_1: 19.95  -  0.4 yrs observed
Experiment_1: 30.9  -  1.0 yrs observed
Experiment_1: 40.94  -  1.7 yrs observed
Experiment_1: 48.99  -  2.4 yrs observed
Experiment_1: 57.82  -  3.1 yrs observed
Experiment_1: 61.95  -  3.6 yrs observed
 > Upper Bound MT: 9.60 yrs @ 5000 ph/s
Number of planets detected for each experiment:

Experiment_1: 23.27  -  0.4 yrs observed
Experiment_1: 37.02  -  0.9 yrs observed
Experiment_1: 48.7  -  1.4 yrs observed
Experiment_1: 60.41  -  2.0 yrs observed
 > Lower Bound MT: 4.98 yrs @ 0 ph/s
 > Ready to start iterations
---------------------------
 > Iteration 3
---------------------------
 > Lower Bound: 0 ph/s | Guess: 1419 ph/s | Upper Bound: 5000 ph/s
Number of planets detected for each experiment:

Experiment_1: 22.13  -  0.4 yrs observed
Experiment_1: 34.33  -  0.9 yrs observed
Experiment_1: 45.88  -  1.5 yrs observed
Experiment_1: 55.99  -  2.1 yrs observed
Experiment_1: 61.9  -  2.5 yrs observed
 > Retrieved Guess MT: 6.48 yrs
 > Iteration Result: GUESS REJECTED (too optimistic)
---------------------------
 > Iteration 4
---------------------------
 > Lower Bound: 0 ph/s | Guess: 1005 ph/s | Upper Bound: 1419 ph/s
Number of planets detected for each experiment:

Experiment_1: 22.23  -  0.4 yrs observed
Experiment_1: 35.05  -  0.9 yrs observed
Experiment_1: 46.71  -  1.5 yrs observed
Experiment_1: 57.39  -  2.1 yrs observed
Experiment_1: 62.51  -  2.5 yrs observed
 > Retrieved Guess MT: 6.15 yrs
 > Iteration Result: GUESS REJECTED (too optimistic)
---------------------------
 > Iteration 5
---------------------------
 > Lower Bound: 0 ph/s | Guess: 890 ph/s | Upper Bound: 1005 ph/s
Number of planets detected for each experiment:

Experiment_1: 22.25  -  0.4 yrs observed
Experiment_1: 35.13  -  0.9 yrs observed
Experiment_1: 46.83  -  1.5 yrs observed
Experiment_1: 57.48  -  2.1 yrs observed
Experiment_1: 62.62  -  2.4 yrs observed
 > Retrieved Guess MT: 6.04 yrs
 > Iteration Result: GUESS ACCEPTED
>> Budget CUTOFF found: 890 ph/s (5 iterations)
[!] Running in plot mode!
Number of planets detected for each experiment:

Experiment_1: 22.25  -  0.4 yrs observed
Experiment_1: 35.13  -  0.9 yrs observed
Experiment_1: 46.83  -  1.5 yrs observed
Experiment_1: 57.48  -  2.1 yrs observed
Experiment_1: 62.62  -  2.4 yrs observed
>> 6.0 yr | long_weighted: 890.4653255776939 ph/s/um | achieved 6.0368 yr (86.7 s)
 > Finding budget CUTOFF for MT target (6.0 yrs)
Number of planets detected for each experiment:

Experiment_1: 20.68  -  0.4 yrs observed
Experiment_1: 32.87  -  1.0 yrs observed
Experiment_1: 43.69  -  1.7 yrs observed
Experiment_1: 52.9  -  2.4 yrs observed
Experiment_1: 60.52  -  3.2 yrs observed
Experiment_1: 60.9  -  3.2 yrs observed
 > Upper Bound MT: 9.45 yrs @ 5000 ph/s
Number of planets detected for each experiment:

Experiment_1: 23.27  -  0.4 yrs observed
Experiment_1: 37.02  -  0.9 yrs observed
Experiment_1: 48.7  -  1.4 yrs observed
Experiment_1: 60.41  -  2.0 yrs observed
 > Lower Bound MT: 4.98 yrs @ 0 ph/s
 > Ready to start iterations
---------------------------
 > Iteration 3
---------------------------
 > Lower Bound: 0 ph/s | Guess: 1455 ph/s | Upper Bound: 5000 ph/s
Number of planets detected for each experiment:

Experiment_1: 22.22  -  0.4 yrs observed
Experiment_1: 35.11  -  0.9 yrs observed
Experiment_1: 46.97  -  1.5 yrs observed
Experiment_1: 56.39  -  2.2 yrs observed
Experiment_1: 61.35  -  2.6 yrs observed
 > Retrieved Guess MT: 6.89 yrs
 > Iteration Result: GUESS REJECTED (too optimistic)
---------------------------
 > Iteration 4
---------------------------
 > Lower Bound: 0 ph/s | Guess: 834 ph/s | Upper Bound: 1455 ph/s
Number of planets detected for each experiment:

Experiment_1: 22.56  -  0.4 yrs observed
Experiment_1: 35.45  -  0.9 yrs observed
Experiment_1: 48.01  -  1.5 yrs observed
Experiment_1: 57.67  -  2.1 yrs observed
Experiment_1: 61.69  -  2.4 yrs observed
 > Retrieved Guess MT: 6.13 yrs
 > Iteration Result: GUESS REJECTED (too optimistic)
---------------------------
 > Iteration 5
---------------------------
 > Lower Bound: 0 ph/s | Guess: 747 ph/s | Upper Bound: 834 ph/s
Number of planets detected for each experiment:

Experiment_1: 22.78  -  0.4 yrs observed
Experiment_1: 35.73  -  0.9 yrs observed
Experiment_1: 48.18  -  1.5 yrs observed
Experiment_1: 57.86  -  2.1 yrs observed
Experiment_1: 61.97  -  2.4 yrs observed
 > Retrieved Guess MT: 6.08 yrs
 > Iteration Result: GUESS REJECTED (too optimistic)
---------------------------
 > Iteration 6
---------------------------
 > Lower Bound: 0 ph/s | Guess: 698 ph/s | Upper Bound: 747 ph/s
Number of planets detected for each experiment:

Experiment_1: 22.83  -  0.4 yrs observed
Experiment_1: 35.85  -  0.9 yrs observed
Experiment_1: 48.28  -  1.5 yrs observed
Experiment_1: 58.02  -  2.1 yrs observed
Experiment_1: 61.82  -  2.4 yrs observed
 > Retrieved Guess MT: 5.99 yrs
 > Iteration Result: GUESS ACCEPTED
>> Budget CUTOFF found: 698 ph/s (6 iterations)
[!] Running in plot mode!
Number of planets detected for each experiment:

Experiment_1: 22.83  -  0.4 yrs observed
Experiment_1: 35.85  -  0.9 yrs observed
Experiment_1: 48.28  -  1.5 yrs observed
Experiment_1: 58.02  -  2.1 yrs observed
Experiment_1: 61.82  -  2.4 yrs observed
>> 6.0 yr | short_weighted: 698.0513027832254 ph/s/um | achieved 5.9938 yr (101.2 s)

Processed line 0 of 486246
Processed line 10000 of 486246
Processed line 20000 of 486246
Processed line 30000 of 486246
Processed line 40000 of 486246
Processed line 50000 of 486246
Processed line 60000 of 486246
Processed line 70000 of 486246
Processed line 80000 of 486246
Processed line 90000 of 486246
Processed line 100000 of 486246
Processed line 110000 of 486246
Processed line 120000 of 486246
Processed line 130000 of 486246
Processed line 140000 of 486246
Processed line 150000 of 486246
Processed line 160000 of 486246
Processed line 170000 of 486246
Processed line 180000 of 486246
Processed line 190000 of 486246
Processed line 200000 of 486246
Processed line 210000 of 486246
Processed line 220000 of 486246
Processed line 230000 of 486246
Processed line 240000 of 486246
Processed line 250000 of 486246
Processed line 260000 of 486246
Processed line 270000 of 486246
Processed line 280000 of 486246
Processed line 290000 of 486246
Processed line 300000 of 486246
Processed line 310000 of 486246
Processed line 320000 of 486246
Processed line 330000 of 486246
Processed line 340000 of 486246
Processed line 350000 of 486246
Processed line 360000 of 486246
Processed line 370000 of 486246
Processed line 380000 of 486246
Processed line 390000 of 486246
Processed line 400000 of 486246
Processed line 410000 of 486246
Processed line 420000 of 486246
Processed line 430000 of 486246
Processed line 440000 of 486246
Processed line 450000 of 486246
Processed line 460000 of 486246
Processed line 470000 of 486246
Processed line 480000 of 486246
Processed line 486246 of 486246

=== hab2lo | six-aperture triple nuller | baseline constant 1.137567 (reference 0.589402) ===
 > Finding budget CUTOFF for MT target (7.5 yrs)
Number of planets detected for each experiment:

Experiment_1: 14.18  -  0.5 yrs observed
Experiment_1: 22.32  -  1.1 yrs observed
Experiment_1: 29.37  -  1.9 yrs observed
Experiment_1: 35.13  -  2.7 yrs observed
Experiment_1: 41.03  -  3.6 yrs observed
Experiment_1: 46.5  -  4.7 yrs observed
Experiment_1: 51.6  -  5.7 yrs observed
Experiment_1: 56.25  -  6.8 yrs observed
Experiment_1: 59.18  -  7.5 yrs observed
 > Upper Bound MT: 20.06 yrs @ 5000 ph/s
Number of planets detected for each experiment:

Experiment_1: 18.17  -  0.4 yrs observed
Experiment_1: 29.34  -  0.9 yrs observed
Experiment_1: 38.97  -  1.4 yrs observed
Experiment_1: 47.37  -  2.1 yrs observed
Experiment_1: 55.3  -  2.7 yrs observed
Experiment_1: 60.53  -  3.2 yrs observed
 > Lower Bound MT: 6.96 yrs @ 0 ph/s
 > Ready to start iterations
---------------------------
 > Iteration 3
---------------------------
 > Lower Bound: 0 ph/s | Guess: 351 ph/s | Upper Bound: 5000 ph/s
Number of planets detected for each experiment:

Experiment_1: 17.54  -  0.4 yrs observed
Experiment_1: 28.36  -  0.9 yrs observed
Experiment_1: 37.17  -  1.5 yrs observed
Experiment_1: 45.32  -  2.2 yrs observed
Experiment_1: 52.94  -  2.9 yrs observed
Experiment_1: 59.37  -  3.6 yrs observed
Experiment_1: 61.02  -  3.7 yrs observed
 > Retrieved Guess MT: 8.52 yrs
 > Iteration Result: GUESS REJECTED (too optimistic)
---------------------------
 > Iteration 4
---------------------------
 > Lower Bound: 0 ph/s | Guess: 129 ph/s | Upper Bound: 351 ph/s
Number of planets detected for each experiment:

Experiment_1: 17.9  -  0.4 yrs observed
Experiment_1: 28.95  -  0.9 yrs observed
Experiment_1: 38.21  -  1.5 yrs observed
Experiment_1: 46.82  -  2.1 yrs observed
Experiment_1: 54.46  -  2.7 yrs observed
Experiment_1: 60.08  -  3.3 yrs observed
 > Retrieved Guess MT: 7.52 yrs
 > Iteration Result: GUESS ACCEPTED
>> Budget CUTOFF found: 129 ph/s (4 iterations)
[!] Running in plot mode!
Number of planets detected for each experiment:

Experiment_1: 17.9  -  0.4 yrs observed
Experiment_1: 28.95  -  0.9 yrs observed
Experiment_1: 38.21  -  1.5 yrs observed
Experiment_1: 46.82  -  2.1 yrs observed
Experiment_1: 54.46  -  2.7 yrs observed
Experiment_1: 60.08  -  3.3 yrs observed
>> 7.5 yr | flat: 129.31478179115456 ph/s/um | achieved 7.5231 yr (61.0 s)
 > Finding budget CUTOFF for MT target (7.5 yrs)
Number of planets detected for each experiment:

Experiment_1: 15.3  -  0.4 yrs observed
Experiment_1: 24.46  -  1.0 yrs observed
Experiment_1: 32.02  -  1.7 yrs observed
Experiment_1: 38.55  -  2.4 yrs observed
Experiment_1: 45.18  -  3.3 yrs observed
Experiment_1: 51.25  -  4.1 yrs observed
Experiment_1: 56.65  -  5.0 yrs observed
Experiment_1: 60.21  -  5.6 yrs observed
 > Upper Bound MT: 13.63 yrs @ 5000 ph/s
Number of planets detected for each experiment:

Experiment_1: 18.17  -  0.4 yrs observed
Experiment_1: 29.34  -  0.9 yrs observed
Experiment_1: 38.97  -  1.4 yrs observed
Experiment_1: 47.37  -  2.1 yrs observed
Experiment_1: 55.3  -  2.7 yrs observed
Experiment_1: 60.53  -  3.2 yrs observed
 > Lower Bound MT: 6.96 yrs @ 0 ph/s
 > Ready to start iterations
---------------------------
 > Iteration 3
---------------------------
 > Lower Bound: 0 ph/s | Guess: 553 ph/s | Upper Bound: 5000 ph/s
Number of planets detected for each experiment:

Experiment_1: 17.79  -  0.4 yrs observed
Experiment_1: 28.66  -  0.9 yrs observed
Experiment_1: 37.67  -  1.5 yrs observed
Experiment_1: 45.89  -  2.1 yrs observed
Experiment_1: 53.44  -  2.8 yrs observed
Experiment_1: 60.31  -  3.5 yrs observed
Experiment_1: 60.62  -  3.5 yrs observed
 > Retrieved Guess MT: 7.96 yrs
 > Iteration Result: GUESS REJECTED (too optimistic)
---------------------------
 > Iteration 4
---------------------------
 > Lower Bound: 0 ph/s | Guess: 307 ph/s | Upper Bound: 553 ph/s
Number of planets detected for each experiment:

Experiment_1: 17.86  -  0.4 yrs observed
Experiment_1: 28.95  -  0.9 yrs observed
Experiment_1: 38.15  -  1.5 yrs observed
Experiment_1: 46.6  -  2.1 yrs observed
Experiment_1: 54.04  -  2.7 yrs observed
Experiment_1: 60.34  -  3.3 yrs observed
 > Retrieved Guess MT: 7.49 yrs
 > Iteration Result: GUESS ACCEPTED
>> Budget CUTOFF found: 307 ph/s (4 iterations)
[!] Running in plot mode!
Number of planets detected for each experiment:

Experiment_1: 17.86  -  0.4 yrs observed
Experiment_1: 28.95  -  0.9 yrs observed
Experiment_1: 38.15  -  1.5 yrs observed
Experiment_1: 46.6  -  2.1 yrs observed
Experiment_1: 54.04  -  2.7 yrs observed
Experiment_1: 60.34  -  3.3 yrs observed
>> 7.5 yr | long_weighted: 307.7524688432413 ph/s/um | achieved 7.4937 yr (60.5 s)
 > Finding budget CUTOFF for MT target (7.5 yrs)
Number of planets detected for each experiment:

Experiment_1: 15.99  -  0.4 yrs observed
Experiment_1: 25.58  -  1.0 yrs observed
Experiment_1: 33.68  -  1.7 yrs observed
Experiment_1: 40.48  -  2.5 yrs observed
Experiment_1: 47.19  -  3.4 yrs observed
Experiment_1: 52.58  -  4.2 yrs observed
Experiment_1: 58.43  -  5.1 yrs observed
Experiment_1: 58.93  -  5.2 yrs observed
 > Upper Bound MT: 13.75 yrs @ 5000 ph/s
Number of planets detected for each experiment:

Experiment_1: 18.17  -  0.4 yrs observed
Experiment_1: 29.34  -  0.9 yrs observed
Experiment_1: 38.97  -  1.4 yrs observed
Experiment_1: 47.37  -  2.1 yrs observed
Experiment_1: 55.3  -  2.7 yrs observed
Experiment_1: 60.53  -  3.2 yrs observed
 > Lower Bound MT: 6.96 yrs @ 0 ph/s
 > Ready to start iterations
---------------------------
 > Iteration 3
---------------------------
 > Lower Bound: 0 ph/s | Guess: 546 ph/s | Upper Bound: 5000 ph/s
Number of planets detected for each experiment:

Experiment_1: 17.78  -  0.4 yrs observed
Experiment_1: 28.59  -  0.9 yrs observed
Experiment_1: 37.76  -  1.5 yrs observed
Experiment_1: 46.06  -  2.2 yrs observed
Experiment_1: 53.59  -  2.9 yrs observed
Experiment_1: 60.16  -  3.6 yrs observed
Experiment_1: 60.94  -  3.7 yrs observed
 > Retrieved Guess MT: 8.45 yrs
 > Iteration Result: GUESS REJECTED (too optimistic)
---------------------------
 > Iteration 4
---------------------------
 > Lower Bound: 0 ph/s | Guess: 210 ph/s | Upper Bound: 546 ph/s
Number of planets detected for each experiment:

Experiment_1: 17.93  -  0.4 yrs observed
Experiment_1: 28.99  -  0.9 yrs observed
Experiment_1: 38.31  -  1.5 yrs observed
Experiment_1: 46.95  -  2.1 yrs observed
Experiment_1: 54.46  -  2.7 yrs observed
Experiment_1: 59.41  -  3.3 yrs observed
 > Retrieved Guess MT: 7.49 yrs
 > Iteration Result: GUESS ACCEPTED
>> Budget CUTOFF found: 210 ph/s (4 iterations)
[!] Running in plot mode!
Number of planets detected for each experiment:

Experiment_1: 17.93  -  0.4 yrs observed
Experiment_1: 28.99  -  0.9 yrs observed
Experiment_1: 38.31  -  1.5 yrs observed
Experiment_1: 46.95  -  2.1 yrs observed
Experiment_1: 54.46  -  2.7 yrs observed
Experiment_1: 59.41  -  3.3 yrs observed
>> 7.5 yr | short_weighted: 210.33584660601232 ph/s/um | achieved 7.4883 yr (60.9 s)
 > Finding budget CUTOFF for MT target (8.0 yrs)
Number of planets detected for each experiment:

Experiment_1: 14.18  -  0.5 yrs observed
Experiment_1: 22.32  -  1.1 yrs observed
Experiment_1: 29.37  -  1.9 yrs observed
Experiment_1: 35.13  -  2.7 yrs observed
Experiment_1: 41.03  -  3.6 yrs observed
Experiment_1: 46.5  -  4.7 yrs observed
Experiment_1: 51.6  -  5.7 yrs observed
Experiment_1: 56.25  -  6.8 yrs observed
Experiment_1: 59.18  -  7.5 yrs observed
 > Upper Bound MT: 20.06 yrs @ 5000 ph/s
Number of planets detected for each experiment:

Experiment_1: 18.17  -  0.4 yrs observed
Experiment_1: 29.34  -  0.9 yrs observed
Experiment_1: 38.97  -  1.4 yrs observed
Experiment_1: 47.37  -  2.1 yrs observed
Experiment_1: 55.3  -  2.7 yrs observed
Experiment_1: 60.53  -  3.2 yrs observed
 > Lower Bound MT: 6.96 yrs @ 0 ph/s
 > Ready to start iterations
---------------------------
 > Iteration 3
---------------------------
 > Lower Bound: 0 ph/s | Guess: 656 ph/s | Upper Bound: 5000 ph/s
Number of planets detected for each experiment:

Experiment_1: 17.23  -  0.4 yrs observed
Experiment_1: 27.38  -  1.0 yrs observed
Experiment_1: 35.82  -  1.6 yrs observed
Experiment_1: 43.6  -  2.2 yrs observed
Experiment_1: 50.96  -  2.9 yrs observed
Experiment_1: 57.57  -  3.7 yrs observed
Experiment_1: 60.95  -  4.1 yrs observed
 > Retrieved Guess MT: 9.47 yrs
 > Iteration Result: GUESS REJECTED (too optimistic)
---------------------------
 > Iteration 4
---------------------------
 > Lower Bound: 0 ph/s | Guess: 296 ph/s | Upper Bound: 656 ph/s
Number of planets detected for each experiment:

Experiment_1: 17.67  -  0.4 yrs observed
Experiment_1: 28.62  -  0.9 yrs observed
Experiment_1: 37.63  -  1.5 yrs observed
Experiment_1: 45.56  -  2.2 yrs observed
Experiment_1: 53.33  -  2.9 yrs observed
Experiment_1: 59.92  -  3.6 yrs observed
Experiment_1: 60.54  -  3.6 yrs observed
 > Retrieved Guess MT: 8.33 yrs
 > Iteration Result: GUESS REJECTED (too optimistic)
---------------------------
 > Iteration 5
---------------------------
 > Lower Bound: 0 ph/s | Guess: 229 ph/s | Upper Bound: 296 ph/s
Number of planets detected for each experiment:

Experiment_1: 17.73  -  0.4 yrs observed
Experiment_1: 28.69  -  0.9 yrs observed
Experiment_1: 37.78  -  1.5 yrs observed
Experiment_1: 45.91  -  2.1 yrs observed
Experiment_1: 53.69  -  2.8 yrs observed
Experiment_1: 60.31  -  3.5 yrs observed
Experiment_1: 60.4  -  3.5 yrs observed
 > Retrieved Guess MT: 8.11 yrs
 > Iteration Result: GUESS REJECTED (too optimistic)
---------------------------
 > Iteration 6
---------------------------
 > Lower Bound: 0 ph/s | Guess: 209 ph/s | Upper Bound: 229 ph/s
Number of planets detected for each experiment:

Experiment_1: 17.76  -  0.4 yrs observed
Experiment_1: 28.75  -  0.9 yrs observed
Experiment_1: 37.85  -  1.5 yrs observed
Experiment_1: 46.05  -  2.1 yrs observed
Experiment_1: 53.77  -  2.8 yrs observed
Experiment_1: 59.27  -  3.4 yrs observed
 > Retrieved Guess MT: 7.84 yrs
 > Iteration Result: GUESS REJECTED (too pessimistic)
---------------------------
 > Iteration 7
---------------------------
 > Lower Bound: 209 ph/s | Guess: 221 ph/s | Upper Bound: 229 ph/s
Number of planets detected for each experiment:

Experiment_1: 17.73  -  0.4 yrs observed
Experiment_1: 28.73  -  0.9 yrs observed
Experiment_1: 37.82  -  1.5 yrs observed
Experiment_1: 46.02  -  2.1 yrs observed
Experiment_1: 53.73  -  2.8 yrs observed
Experiment_1: 59.61  -  3.4 yrs observed
 > Retrieved Guess MT: 7.93 yrs
 > Iteration Result: GUESS REJECTED (too pessimistic)
>> Budget CUTOFF found: 221 ph/s (7 iterations)
[!] Running in plot mode!
Number of planets detected for each experiment:

Experiment_1: 17.73  -  0.4 yrs observed
Experiment_1: 28.73  -  0.9 yrs observed
Experiment_1: 37.82  -  1.5 yrs observed
Experiment_1: 46.02  -  2.1 yrs observed
Experiment_1: 53.73  -  2.8 yrs observed
Experiment_1: 59.61  -  3.4 yrs observed
>> 8.0 yr | flat: 221.8897170289793 ph/s/um | achieved 7.9253 yr (97.4 s)
 > Finding budget CUTOFF for MT target (8.0 yrs)
Number of planets detected for each experiment:

Experiment_1: 15.3  -  0.4 yrs observed
Experiment_1: 24.46  -  1.0 yrs observed
Experiment_1: 32.02  -  1.7 yrs observed
Experiment_1: 38.55  -  2.4 yrs observed
Experiment_1: 45.18  -  3.3 yrs observed
Experiment_1: 51.25  -  4.1 yrs observed
Experiment_1: 56.65  -  5.0 yrs observed
Experiment_1: 60.21  -  5.6 yrs observed
 > Upper Bound MT: 13.63 yrs @ 5000 ph/s
Number of planets detected for each experiment:

Experiment_1: 18.17  -  0.4 yrs observed
Experiment_1: 29.34  -  0.9 yrs observed
Experiment_1: 38.97  -  1.4 yrs observed
Experiment_1: 47.37  -  2.1 yrs observed
Experiment_1: 55.3  -  2.7 yrs observed
Experiment_1: 60.53  -  3.2 yrs observed
 > Lower Bound MT: 6.96 yrs @ 0 ph/s
 > Ready to start iterations
---------------------------
 > Iteration 3
---------------------------
 > Lower Bound: 0 ph/s | Guess: 1033 ph/s | Upper Bound: 5000 ph/s
Number of planets detected for each experiment:

Experiment_1: 17.45  -  0.4 yrs observed
Experiment_1: 27.99  -  0.9 yrs observed
Experiment_1: 36.43  -  1.5 yrs observed
Experiment_1: 44.34  -  2.2 yrs observed
Experiment_1: 52.14  -  2.8 yrs observed
Experiment_1: 58.5  -  3.5 yrs observed
Experiment_1: 59.62  -  3.7 yrs observed
 > Retrieved Guess MT: 8.54 yrs
 > Iteration Result: GUESS REJECTED (too optimistic)
---------------------------
 > Iteration 4
---------------------------
 > Lower Bound: 0 ph/s | Guess: 704 ph/s | Upper Bound: 1033 ph/s
Number of planets detected for each experiment:

Experiment_1: 17.67  -  0.4 yrs observed
Experiment_1: 28.52  -  0.9 yrs observed
Experiment_1: 37.36  -  1.5 yrs observed
Experiment_1: 45.56  -  2.1 yrs observed
Experiment_1: 53.07  -  2.8 yrs observed
Experiment_1: 59.8  -  3.5 yrs observed
Experiment_1: 60.04  -  3.5 yrs observed
 > Retrieved Guess MT: 8.11 yrs
 > Iteration Result: GUESS REJECTED (too optimistic)
---------------------------
 > Iteration 5
---------------------------
 > Lower Bound: 0 ph/s | Guess: 641 ph/s | Upper Bound: 704 ph/s
Number of planets detected for each experiment:

Experiment_1: 17.65  -  0.4 yrs observed
Experiment_1: 28.6  -  0.9 yrs observed
Experiment_1: 37.5  -  1.5 yrs observed
Experiment_1: 45.68  -  2.1 yrs observed
Experiment_1: 53.3  -  2.8 yrs observed
Experiment_1: 59.75  -  3.5 yrs observed
 > Retrieved Guess MT: 7.99 yrs
 > Iteration Result: GUESS ACCEPTED
>> Budget CUTOFF found: 641 ph/s (5 iterations)
[!] Running in plot mode!
Number of planets detected for each experiment:

Experiment_1: 17.65  -  0.4 yrs observed
Experiment_1: 28.6  -  0.9 yrs observed
Experiment_1: 37.5  -  1.5 yrs observed
Experiment_1: 45.68  -  2.1 yrs observed
Experiment_1: 53.3  -  2.8 yrs observed
Experiment_1: 59.75  -  3.5 yrs observed
>> 8.0 yr | long_weighted: 641.1505126952303 ph/s/um | achieved 7.9922 yr (73.0 s)
 > Finding budget CUTOFF for MT target (8.0 yrs)
Number of planets detected for each experiment:

Experiment_1: 15.99  -  0.4 yrs observed
Experiment_1: 25.58  -  1.0 yrs observed
Experiment_1: 33.68  -  1.7 yrs observed
Experiment_1: 40.48  -  2.5 yrs observed
Experiment_1: 47.19  -  3.4 yrs observed
Experiment_1: 52.58  -  4.2 yrs observed
Experiment_1: 58.43  -  5.1 yrs observed
Experiment_1: 58.93  -  5.2 yrs observed
 > Upper Bound MT: 13.75 yrs @ 5000 ph/s
Number of planets detected for each experiment:

Experiment_1: 18.17  -  0.4 yrs observed
Experiment_1: 29.34  -  0.9 yrs observed
Experiment_1: 38.97  -  1.4 yrs observed
Experiment_1: 47.37  -  2.1 yrs observed
Experiment_1: 55.3  -  2.7 yrs observed
Experiment_1: 60.53  -  3.2 yrs observed
 > Lower Bound MT: 6.96 yrs @ 0 ph/s
 > Ready to start iterations
---------------------------
 > Iteration 3
---------------------------
 > Lower Bound: 0 ph/s | Guess: 1020 ph/s | Upper Bound: 5000 ph/s
Number of planets detected for each experiment:

Experiment_1: 17.34  -  0.4 yrs observed
Experiment_1: 28.21  -  0.9 yrs observed
Experiment_1: 36.59  -  1.5 yrs observed
Experiment_1: 44.59  -  2.2 yrs observed
Experiment_1: 51.92  -  2.9 yrs observed
Experiment_1: 58.53  -  3.6 yrs observed
Experiment_1: 60.91  -  3.9 yrs observed
 > Retrieved Guess MT: 9.23 yrs
 > Iteration Result: GUESS REJECTED (too optimistic)
---------------------------
 > Iteration 4
---------------------------
 > Lower Bound: 0 ph/s | Guess: 502 ph/s | Upper Bound: 1020 ph/s
Number of planets detected for each experiment:

Experiment_1: 17.79  -  0.4 yrs observed
Experiment_1: 28.63  -  0.9 yrs observed
Experiment_1: 37.78  -  1.5 yrs observed
Experiment_1: 46.18  -  2.2 yrs observed
Experiment_1: 53.6  -  2.9 yrs observed
Experiment_1: 60.19  -  3.6 yrs observed
Experiment_1: 60.43  -  3.6 yrs observed
 > Retrieved Guess MT: 8.24 yrs
 > Iteration Result: GUESS REJECTED (too optimistic)
---------------------------
 > Iteration 5
---------------------------
 > Lower Bound: 0 ph/s | Guess: 415 ph/s | Upper Bound: 502 ph/s
Number of planets detected for each experiment:

Experiment_1: 17.75  -  0.4 yrs observed
Experiment_1: 28.84  -  0.9 yrs observed
Experiment_1: 37.99  -  1.5 yrs observed
Experiment_1: 46.22  -  2.2 yrs observed
Experiment_1: 53.83  -  2.8 yrs observed
Experiment_1: 60.19  -  3.5 yrs observed
 > Retrieved Guess MT: 8.10 yrs
 > Iteration Result: GUESS REJECTED (too optimistic)
---------------------------
 > Iteration 6
---------------------------
 > Lower Bound: 0 ph/s | Guess: 381 ph/s | Upper Bound: 415 ph/s
Number of planets detected for each experiment:

Experiment_1: 17.78  -  0.4 yrs observed
Experiment_1: 28.83  -  0.9 yrs observed
Experiment_1: 37.86  -  1.5 yrs observed
Experiment_1: 46.31  -  2.2 yrs observed
Experiment_1: 53.86  -  2.8 yrs observed
Experiment_1: 60.0  -  3.5 yrs observed
 > Retrieved Guess MT: 8.03 yrs
 > Iteration Result: GUESS ACCEPTED
>> Budget CUTOFF found: 381 ph/s (6 iterations)
[!] Running in plot mode!
Number of planets detected for each experiment:

Experiment_1: 17.78  -  0.4 yrs observed
Experiment_1: 28.83  -  0.9 yrs observed
Experiment_1: 37.86  -  1.5 yrs observed
Experiment_1: 46.31  -  2.2 yrs observed
Experiment_1: 53.86  -  2.8 yrs observed
Experiment_1: 60.0  -  3.5 yrs observed
>> 8.0 yr | short_weighted: 381.0624690870012 ph/s/um | achieved 8.0284 yr (85.0 s)

Physical-architecture results: C:\Users\nicol\Desktop\LIFE\LIFESim\thesis\reproducibility\physical_architecture.tsv
