
Processed line 0 of 729927
Processed line 10000 of 729927
Processed line 20000 of 729927
Processed line 30000 of 729927
Processed line 40000 of 729927
Processed line 50000 of 729927
Processed line 60000 of 729927
Processed line 70000 of 729927
Processed line 80000 of 729927
Processed line 90000 of 729927
Processed line 100000 of 729927
Processed line 110000 of 729927
Processed line 120000 of 729927
Processed line 130000 of 729927
Processed line 140000 of 729927
Processed line 150000 of 729927
Processed line 160000 of 729927
Processed line 170000 of 729927
Processed line 180000 of 729927
Processed line 190000 of 729927
Processed line 200000 of 729927
Processed line 210000 of 729927
Processed line 220000 of 729927
Processed line 230000 of 729927
Processed line 240000 of 729927
Processed line 250000 of 729927
Processed line 260000 of 729927
Processed line 270000 of 729927
Processed line 280000 of 729927
Processed line 290000 of 729927
Processed line 300000 of 729927
Processed line 310000 of 729927
Processed line 320000 of 729927
Processed line 330000 of 729927
Processed line 340000 of 729927
Processed line 350000 of 729927
Processed line 360000 of 729927
Processed line 370000 of 729927
Processed line 380000 of 729927
Processed line 390000 of 729927
Processed line 400000 of 729927
Processed line 410000 of 729927
Processed line 420000 of 729927
Processed line 430000 of 729927
Processed line 440000 of 729927
Processed line 450000 of 729927
Processed line 460000 of 729927
Processed line 470000 of 729927
Processed line 480000 of 729927
Processed line 490000 of 729927
Processed line 500000 of 729927
Processed line 510000 of 729927
Processed line 520000 of 729927
Processed line 530000 of 729927
Processed line 540000 of 729927
Processed line 550000 of 729927
Processed line 560000 of 729927
Processed line 570000 of 729927
Processed line 580000 of 729927
Processed line 590000 of 729927
Processed line 600000 of 729927
Processed line 610000 of 729927
Processed line 620000 of 729927
Processed line 630000 of 729927
Processed line 640000 of 729927
Processed line 650000 of 729927
Processed line 660000 of 729927
Processed line 670000 of 729927
Processed line 680000 of 729927
Processed line 690000 of 729927
Processed line 700000 of 729927
Processed line 710000 of 729927
Processed line 720000 of 729927
Processed line 729927 of 729927

=== hab2hi | six-aperture triple nuller | baseline constant 0.589402 (reference 0.589402) ===
 > Finding budget CUTOFF for MT target (5.5 yrs)
Number of planets detected for each experiment:

Experiment_1: 20.15  -  0.4 yrs observed
Experiment_1: 31.61  -  1.0 yrs observed
Experiment_1: 41.99  -  1.7 yrs observed
Experiment_1: 51.3  -  2.5 yrs observed
Experiment_1: 59.18  -  3.3 yrs observed
Experiment_1: 61.27  -  3.5 yrs observed
 > Upper Bound MT: 9.68 yrs @ 5000 ph/s
Number of planets detected for each experiment:

Experiment_1: 23.08  -  0.4 yrs observed
Experiment_1: 36.63  -  0.9 yrs observed
Experiment_1: 48.6  -  1.5 yrs observed
Experiment_1: 60.02  -  2.1 yrs observed
Experiment_1: 60.11  -  2.1 yrs observed
 > Lower Bound MT: 5.32 yrs @ 0 ph/s
 > Ready to start iterations
---------------------------
 > Iteration 3
---------------------------
 > Lower Bound: 0 ph/s | Guess: 279 ph/s | Upper Bound: 5000 ph/s
Number of planets detected for each experiment:

Experiment_1: 22.91  -  0.4 yrs observed
Experiment_1: 36.19  -  0.9 yrs observed
Experiment_1: 48.33  -  1.5 yrs observed
Experiment_1: 59.45  -  2.1 yrs observed
Experiment_1: 60.76  -  2.2 yrs observed
 > Retrieved Guess MT: 5.68 yrs
 > Iteration Result: GUESS REJECTED (too optimistic)
---------------------------
 > Iteration 4
---------------------------
 > Lower Bound: 0 ph/s | Guess: 141 ph/s | Upper Bound: 279 ph/s
Number of planets detected for each experiment:

Experiment_1: 23.05  -  0.4 yrs observed
Experiment_1: 36.46  -  0.9 yrs observed
Experiment_1: 48.26  -  1.5 yrs observed
Experiment_1: 59.63  -  2.1 yrs observed
Experiment_1: 60.43  -  2.1 yrs observed
 > Retrieved Guess MT: 5.54 yrs
 > Iteration Result: GUESS ACCEPTED
>> Budget CUTOFF found: 141 ph/s (4 iterations)
[!] Running in plot mode!
Number of planets detected for each experiment:

Experiment_1: 23.05  -  0.4 yrs observed
Experiment_1: 36.46  -  0.9 yrs observed
Experiment_1: 48.26  -  1.5 yrs observed
Experiment_1: 59.63  -  2.1 yrs observed
Experiment_1: 60.43  -  2.1 yrs observed
>> 5.5 yr | flat: 141.46863177728767 ph/s/um | achieved 5.5411 yr (84.9 s)
 > Finding budget CUTOFF for MT target (5.5 yrs)
Number of planets detected for each experiment:

Experiment_1: 21.14  -  0.4 yrs observed
Experiment_1: 32.62  -  1.0 yrs observed
Experiment_1: 43.31  -  1.6 yrs observed
Experiment_1: 53.33  -  2.3 yrs observed
Experiment_1: 60.16  -  2.9 yrs observed
 > Upper Bound MT: 7.79 yrs @ 5000 ph/s
Number of planets detected for each experiment:

Experiment_1: 23.08  -  0.4 yrs observed
Experiment_1: 36.63  -  0.9 yrs observed
Experiment_1: 48.6  -  1.5 yrs observed
Experiment_1: 60.02  -  2.1 yrs observed
Experiment_1: 60.11  -  2.1 yrs observed
 > Lower Bound MT: 5.32 yrs @ 0 ph/s
 > Ready to start iterations
---------------------------
 > Iteration 3
---------------------------
 > Lower Bound: 0 ph/s | Guess: 437 ph/s | Upper Bound: 5000 ph/s
Number of planets detected for each experiment:

Experiment_1: 22.9  -  0.4 yrs observed
Experiment_1: 36.2  -  0.9 yrs observed
Experiment_1: 48.14  -  1.5 yrs observed
Experiment_1: 59.48  -  2.1 yrs observed
Experiment_1: 61.16  -  2.2 yrs observed
 > Retrieved Guess MT: 5.70 yrs
 > Iteration Result: GUESS REJECTED (too optimistic)
---------------------------
 > Iteration 4
---------------------------
 > Lower Bound: 0 ph/s | Guess: 210 ph/s | Upper Bound: 437 ph/s
Number of planets detected for each experiment:

Experiment_1: 23.08  -  0.4 yrs observed
Experiment_1: 36.52  -  0.9 yrs observed
Experiment_1: 48.23  -  1.5 yrs observed
Experiment_1: 59.66  -  2.1 yrs observed
Experiment_1: 60.62  -  2.1 yrs observed
 > Retrieved Guess MT: 5.53 yrs
 > Iteration Result: GUESS ACCEPTED
>> Budget CUTOFF found: 210 ph/s (4 iterations)
[!] Running in plot mode!
Number of planets detected for each experiment:

Experiment_1: 23.08  -  0.4 yrs observed
Experiment_1: 36.52  -  0.9 yrs observed
Experiment_1: 48.23  -  1.5 yrs observed
Experiment_1: 59.66  -  2.1 yrs observed
Experiment_1: 60.62  -  2.1 yrs observed
>> 5.5 yr | long_weighted: 210.74636106001276 ph/s/um | achieved 5.5263 yr (72.2 s)
 > Finding budget CUTOFF for MT target (5.5 yrs)
Number of planets detected for each experiment:

Experiment_1: 22.0  -  0.4 yrs observed
Experiment_1: 34.3  -  1.0 yrs observed
Experiment_1: 46.58  -  1.6 yrs observed
Experiment_1: 56.57  -  2.3 yrs observed
Experiment_1: 60.04  -  2.6 yrs observed
 > Upper Bound MT: 7.13 yrs @ 5000 ph/s
Number of planets detected for each experiment:

Experiment_1: 23.08  -  0.4 yrs observed
Experiment_1: 36.63  -  0.9 yrs observed
Experiment_1: 48.6  -  1.5 yrs observed
Experiment_1: 60.02  -  2.1 yrs observed
Experiment_1: 60.11  -  2.1 yrs observed
 > Lower Bound MT: 5.32 yrs @ 0 ph/s
 > Ready to start iterations
---------------------------
 > Iteration 3
---------------------------
 > Lower Bound: 0 ph/s | Guess: 570 ph/s | Upper Bound: 5000 ph/s
Number of planets detected for each experiment:

Experiment_1: 23.18  -  0.4 yrs observed
Experiment_1: 36.39  -  0.9 yrs observed
Experiment_1: 48.5  -  1.5 yrs observed
Experiment_1: 59.54  -  2.1 yrs observed
Experiment_1: 60.67  -  2.2 yrs observed
 > Retrieved Guess MT: 5.67 yrs
 > Iteration Result: GUESS REJECTED (too optimistic)
---------------------------
 > Iteration 4
---------------------------
 > Lower Bound: 0 ph/s | Guess: 300 ph/s | Upper Bound: 570 ph/s
Number of planets detected for each experiment:

Experiment_1: 23.08  -  0.4 yrs observed
Experiment_1: 36.47  -  0.9 yrs observed
Experiment_1: 48.38  -  1.5 yrs observed
Experiment_1: 59.72  -  2.1 yrs observed
Experiment_1: 60.0  -  2.1 yrs observed
 > Retrieved Guess MT: 5.46 yrs
 > Iteration Result: GUESS ACCEPTED
>> Budget CUTOFF found: 300 ph/s (4 iterations)
[!] Running in plot mode!
Number of planets detected for each experiment:

Experiment_1: 23.08  -  0.4 yrs observed
Experiment_1: 36.47  -  0.9 yrs observed
Experiment_1: 48.38  -  1.5 yrs observed
Experiment_1: 59.72  -  2.1 yrs observed
Experiment_1: 60.0  -  2.1 yrs observed
>> 5.5 yr | short_weighted: 300.2729923237755 ph/s/um | achieved 5.4559 yr (67.2 s)
