
Processed line 0 of 729927
Processed line 10000 of 729927
Processed line 20000 of 729927
Processed line 30000 of 729927
Processed line 40000 of 729927
Processed line 50000 of 729927
Processed line 60000 of 729927
Processed line 70000 of 729927
Processed line 80000 of 729927
Processed line 90000 of 729927
Processed line 100000 of 729927
Processed line 110000 of 729927
Processed line 120000 of 729927
Processed line 130000 of 729927
Processed line 140000 of 729927
Processed line 150000 of 729927
Processed line 160000 of 729927
Processed line 170000 of 729927
Processed line 180000 of 729927
Processed line 190000 of 729927
Processed line 200000 of 729927
Processed line 210000 of 729927
Processed line 220000 of 729927
Processed line 230000 of 729927
Processed line 240000 of 729927
Processed line 250000 of 729927
Processed line 260000 of 729927
Processed line 270000 of 729927
Processed line 280000 of 729927
Processed line 290000 of 729927
Processed line 300000 of 729927
Processed line 310000 of 729927
Processed line 320000 of 729927
Processed line 330000 of 729927
Processed line 340000 of 729927
Processed line 350000 of 729927
Processed line 360000 of 729927
Processed line 370000 of 729927
Processed line 380000 of 729927
Processed line 390000 of 729927
Processed line 400000 of 729927
Processed line 410000 of 729927
Processed line 420000 of 729927
Processed line 430000 of 729927
Processed line 440000 of 729927
Processed line 450000 of 729927
Processed line 460000 of 729927
Processed line 470000 of 729927
Processed line 480000 of 729927
Processed line 490000 of 729927
Processed line 500000 of 729927
Processed line 510000 of 729927
Processed line 520000 of 729927
Processed line 530000 of 729927
Processed line 540000 of 729927
Processed line 550000 of 729927
Processed line 560000 of 729927
Processed line 570000 of 729927
Processed line 580000 of 729927
Processed line 590000 of 729927
Processed line 600000 of 729927
Processed line 610000 of 729927
Processed line 620000 of 729927
Processed line 630000 of 729927
Processed line 640000 of 729927
Processed line 650000 of 729927
Processed line 660000 of 729927
Processed line 670000 of 729927
Processed line 680000 of 729927
Processed line 690000 of 729927
Processed line 700000 of 729927
Processed line 710000 of 729927
Processed line 720000 of 729927
Processed line 729927 of 729927
Number of planets detected for each experiment:

Experiment_1: 23.08  -  0.4 yrs observed
Experiment_1: 36.63  -  0.9 yrs observed
Experiment_1: 48.6  -  1.5 yrs observed
Experiment_1: 60.04  -  2.1 yrs observed
Experiment_1: 60.13  -  2.1 yrs observed
>> hab2hi | order 2 | throughput 0.15 | 5.3187 yr (14.9 s)
Number of planets detected for each experiment:

Experiment_1: 24.29  -  0.4 yrs observed
Experiment_1: 38.41  -  0.8 yrs observed
Experiment_1: 50.63  -  1.3 yrs observed
Experiment_1: 61.1  -  1.8 yrs observed
>> hab2hi | order 4 | throughput 0.15 | 4.4672 yr (11.7 s)

Processed line 0 of 729927
Processed line 10000 of 729927
Processed line 20000 of 729927
Processed line 30000 of 729927
Processed line 40000 of 729927
Processed line 50000 of 729927
Processed line 60000 of 729927
Processed line 70000 of 729927
Processed line 80000 of 729927
Processed line 90000 of 729927
Processed line 100000 of 729927
Processed line 110000 of 729927
Processed line 120000 of 729927
Processed line 130000 of 729927
Processed line 140000 of 729927
Processed line 150000 of 729927
Processed line 160000 of 729927
Processed line 170000 of 729927
Processed line 180000 of 729927
Processed line 190000 of 729927
Processed line 200000 of 729927
Processed line 210000 of 729927
Processed line 220000 of 729927
Processed line 230000 of 729927
Processed line 240000 of 729927
Processed line 250000 of 729927
Processed line 260000 of 729927
Processed line 270000 of 729927
Processed line 280000 of 729927
Processed line 290000 of 729927
Processed line 300000 of 729927
Processed line 310000 of 729927
Processed line 320000 of 729927
Processed line 330000 of 729927
Processed line 340000 of 729927
Processed line 350000 of 729927
Processed line 360000 of 729927
Processed line 370000 of 729927
Processed line 380000 of 729927
Processed line 390000 of 729927
Processed line 400000 of 729927
Processed line 410000 of 729927
Processed line 420000 of 729927
Processed line 430000 of 729927
Processed line 440000 of 729927
Processed line 450000 of 729927
Processed line 460000 of 729927
Processed line 470000 of 729927
Processed line 480000 of 729927
Processed line 490000 of 729927
Processed line 500000 of 729927
Processed line 510000 of 729927
Processed line 520000 of 729927
Processed line 530000 of 729927
Processed line 540000 of 729927
Processed line 550000 of 729927
Processed line 560000 of 729927
Processed line 570000 of 729927
Processed line 580000 of 729927
Processed line 590000 of 729927
Processed line 600000 of 729927
Processed line 610000 of 729927
Processed line 620000 of 729927
Processed line 630000 of 729927
Processed line 640000 of 729927
Processed line 650000 of 729927
Processed line 660000 of 729927
Processed line 670000 of 729927
Processed line 680000 of 729927
Processed line 690000 of 729927
Processed line 700000 of 729927
Processed line 710000 of 729927
Processed line 720000 of 729927
Processed line 729927 of 729927
Number of planets detected for each experiment:

Experiment_1: 21.98  -  0.4 yrs observed
Experiment_1: 34.46  -  0.9 yrs observed
Experiment_1: 45.8  -  1.5 yrs observed
Experiment_1: 56.39  -  2.1 yrs observed
Experiment_1: 61.6  -  2.5 yrs observed
>> hab2hi | order 2 | throughput 0.125 | 6.4528 yr (10.2 s)
Number of planets detected for each experiment:

Experiment_1: 23.26  -  0.4 yrs observed
Experiment_1: 36.61  -  0.9 yrs observed
Experiment_1: 47.94  -  1.4 yrs observed
Experiment_1: 59.43  -  2.0 yrs observed
Experiment_1: 60.33  -  2.0 yrs observed
>> hab2hi | order 4 | throughput 0.125 | 5.0217 yr (11.2 s)

Processed line 0 of 729927
Processed line 10000 of 729927
Processed line 20000 of 729927
Processed line 30000 of 729927
Processed line 40000 of 729927
Processed line 50000 of 729927
Processed line 60000 of 729927
Processed line 70000 of 729927
Processed line 80000 of 729927
Processed line 90000 of 729927
Processed line 100000 of 729927
Processed line 110000 of 729927
Processed line 120000 of 729927
Processed line 130000 of 729927
Processed line 140000 of 729927
Processed line 150000 of 729927
Processed line 160000 of 729927
Processed line 170000 of 729927
Processed line 180000 of 729927
Processed line 190000 of 729927
Processed line 200000 of 729927
Processed line 210000 of 729927
Processed line 220000 of 729927
Processed line 230000 of 729927
Processed line 240000 of 729927
Processed line 250000 of 729927
Processed line 260000 of 729927
Processed line 270000 of 729927
Processed line 280000 of 729927
Processed line 290000 of 729927
Processed line 300000 of 729927
Processed line 310000 of 729927
Processed line 320000 of 729927
Processed line 330000 of 729927
Processed line 340000 of 729927
Processed line 350000 of 729927
Processed line 360000 of 729927
Processed line 370000 of 729927
Processed line 380000 of 729927
Processed line 390000 of 729927
Processed line 400000 of 729927
Processed line 410000 of 729927
Processed line 420000 of 729927
Processed line 430000 of 729927
Processed line 440000 of 729927
Processed line 450000 of 729927
Processed line 460000 of 729927
Processed line 470000 of 729927
Processed line 480000 of 729927
Processed line 490000 of 729927
Processed line 500000 of 729927
Processed line 510000 of 729927
Processed line 520000 of 729927
Processed line 530000 of 729927
Processed line 540000 of 729927
Processed line 550000 of 729927
Processed line 560000 of 729927
Processed line 570000 of 729927
Processed line 580000 of 729927
Processed line 590000 of 729927
Processed line 600000 of 729927
Processed line 610000 of 729927
Processed line 620000 of 729927
Processed line 630000 of 729927
Processed line 640000 of 729927
Processed line 650000 of 729927
Processed line 660000 of 729927
Processed line 670000 of 729927
Processed line 680000 of 729927
Processed line 690000 of 729927
Processed line 700000 of 729927
Processed line 710000 of 729927
Processed line 720000 of 729927
Processed line 729927 of 729927
Number of planets detected for each experiment:

Experiment_1: 20.66  -  0.4 yrs observed
Experiment_1: 31.81  -  1.0 yrs observed
Experiment_1: 42.63  -  1.6 yrs observed
Experiment_1: 52.55  -  2.3 yrs observed
Experiment_1: 61.06  -  3.0 yrs observed
Experiment_1: 62.16  -  3.1 yrs observed
>> hab2hi | order 2 | throughput 0.1 | 7.6676 yr (11.0 s)
Number of planets detected for each experiment:

Experiment_1: 21.94  -  0.4 yrs observed
Experiment_1: 34.05  -  0.9 yrs observed
Experiment_1: 44.39  -  1.5 yrs observed
Experiment_1: 55.21  -  2.1 yrs observed
Experiment_1: 62.07  -  2.6 yrs observed
>> hab2hi | order 4 | throughput 0.1 | 6.0932 yr (11.3 s)

Processed line 0 of 729927
Processed line 10000 of 729927
Processed line 20000 of 729927
Processed line 30000 of 729927
Processed line 40000 of 729927
Processed line 50000 of 729927
Processed line 60000 of 729927
Processed line 70000 of 729927
Processed line 80000 of 729927
Processed line 90000 of 729927
Processed line 100000 of 729927
Processed line 110000 of 729927
Processed line 120000 of 729927
Processed line 130000 of 729927
Processed line 140000 of 729927
Processed line 150000 of 729927
Processed line 160000 of 729927
Processed line 170000 of 729927
Processed line 180000 of 729927
Processed line 190000 of 729927
Processed line 200000 of 729927
Processed line 210000 of 729927
Processed line 220000 of 729927
Processed line 230000 of 729927
Processed line 240000 of 729927
Processed line 250000 of 729927
Processed line 260000 of 729927
Processed line 270000 of 729927
Processed line 280000 of 729927
Processed line 290000 of 729927
Processed line 300000 of 729927
Processed line 310000 of 729927
Processed line 320000 of 729927
Processed line 330000 of 729927
Processed line 340000 of 729927
Processed line 350000 of 729927
Processed line 360000 of 729927
Processed line 370000 of 729927
Processed line 380000 of 729927
Processed line 390000 of 729927
Processed line 400000 of 729927
Processed line 410000 of 729927
Processed line 420000 of 729927
Processed line 430000 of 729927
Processed line 440000 of 729927
Processed line 450000 of 729927
Processed line 460000 of 729927
Processed line 470000 of 729927
Processed line 480000 of 729927
Processed line 490000 of 729927
Processed line 500000 of 729927
Processed line 510000 of 729927
Processed line 520000 of 729927
Processed line 530000 of 729927
Processed line 540000 of 729927
Processed line 550000 of 729927
Processed line 560000 of 729927
Processed line 570000 of 729927
Processed line 580000 of 729927
Processed line 590000 of 729927
Processed line 600000 of 729927
Processed line 610000 of 729927
Processed line 620000 of 729927
Processed line 630000 of 729927
Processed line 640000 of 729927
Processed line 650000 of 729927
Processed line 660000 of 729927
Processed line 670000 of 729927
Processed line 680000 of 729927
Processed line 690000 of 729927
Processed line 700000 of 729927
Processed line 710000 of 729927
Processed line 720000 of 729927
Processed line 729927 of 729927
Number of planets detected for each experiment:

Experiment_1: 18.84  -  0.4 yrs observed
Experiment_1: 29.27  -  1.0 yrs observed
Experiment_1: 38.76  -  1.7 yrs observed
Experiment_1: 47.71  -  2.4 yrs observed
Experiment_1: 55.63  -  3.2 yrs observed
Experiment_1: 61.95  -  3.8 yrs observed
>> hab2hi | order 2 | throughput 0.075 | 9.7122 yr (13.3 s)
Number of planets detected for each experiment:

Experiment_1: 20.0  -  0.4 yrs observed
Experiment_1: 30.88  -  0.9 yrs observed
Experiment_1: 40.38  -  1.5 yrs observed
Experiment_1: 49.79  -  2.2 yrs observed
Experiment_1: 58.01  -  2.9 yrs observed
Experiment_1: 61.28  -  3.2 yrs observed
>> hab2hi | order 4 | throughput 0.075 | 7.6533 yr (12.7 s)

Processed line 0 of 486246
Processed line 10000 of 486246
Processed line 20000 of 486246
Processed line 30000 of 486246
Processed line 40000 of 486246
Processed line 50000 of 486246
Processed line 60000 of 486246
Processed line 70000 of 486246
Processed line 80000 of 486246
Processed line 90000 of 486246
Processed line 100000 of 486246
Processed line 110000 of 486246
Processed line 120000 of 486246
Processed line 130000 of 486246
Processed line 140000 of 486246
Processed line 150000 of 486246
Processed line 160000 of 486246
Processed line 170000 of 486246
Processed line 180000 of 486246
Processed line 190000 of 486246
Processed line 200000 of 486246
Processed line 210000 of 486246
Processed line 220000 of 486246
Processed line 230000 of 486246
Processed line 240000 of 486246
Processed line 250000 of 486246
Processed line 260000 of 486246
Processed line 270000 of 486246
Processed line 280000 of 486246
Processed line 290000 of 486246
Processed line 300000 of 486246
Processed line 310000 of 486246
Processed line 320000 of 486246
Processed line 330000 of 486246
Processed line 340000 of 486246
Processed line 350000 of 486246
Processed line 360000 of 486246
Processed line 370000 of 486246
Processed line 380000 of 486246
Processed line 390000 of 486246
Processed line 400000 of 486246
Processed line 410000 of 486246
Processed line 420000 of 486246
Processed line 430000 of 486246
Processed line 440000 of 486246
Processed line 450000 of 486246
Processed line 460000 of 486246
Processed line 470000 of 486246
Processed line 480000 of 486246
Processed line 486246 of 486246
Number of planets detected for each experiment:

Experiment_1: 18.07  -  0.4 yrs observed
Experiment_1: 29.82  -  0.9 yrs observed
Experiment_1: 39.38  -  1.5 yrs observed
Experiment_1: 47.62  -  2.1 yrs observed
Experiment_1: 55.76  -  2.8 yrs observed
Experiment_1: 61.48  -  3.3 yrs observed
>> hab2lo | order 2 | throughput 0.15 | 7.4100 yr (9.8 s)
Number of planets detected for each experiment:

Experiment_1: 18.97  -  0.4 yrs observed
Experiment_1: 30.75  -  0.8 yrs observed
Experiment_1: 40.68  -  1.4 yrs observed
Experiment_1: 49.64  -  2.0 yrs observed
Experiment_1: 57.89  -  2.6 yrs observed
Experiment_1: 61.01  -  2.8 yrs observed
>> hab2lo | order 4 | throughput 0.15 | 6.0416 yr (10.7 s)

Processed line 0 of 486246
Processed line 10000 of 486246
Processed line 20000 of 486246
Processed line 30000 of 486246
Processed line 40000 of 486246
Processed line 50000 of 486246
Processed line 60000 of 486246
Processed line 70000 of 486246
Processed line 80000 of 486246
Processed line 90000 of 486246
Processed line 100000 of 486246
Processed line 110000 of 486246
Processed line 120000 of 486246
Processed line 130000 of 486246
Processed line 140000 of 486246
Processed line 150000 of 486246
Processed line 160000 of 486246
Processed line 170000 of 486246
Processed line 180000 of 486246
Processed line 190000 of 486246
Processed line 200000 of 486246
Processed line 210000 of 486246
Processed line 220000 of 486246
Processed line 230000 of 486246
Processed line 240000 of 486246
Processed line 250000 of 486246
Processed line 260000 of 486246
Processed line 270000 of 486246
Processed line 280000 of 486246
Processed line 290000 of 486246
Processed line 300000 of 486246
Processed line 310000 of 486246
Processed line 320000 of 486246
Processed line 330000 of 486246
Processed line 340000 of 486246
Processed line 350000 of 486246
Processed line 360000 of 486246
Processed line 370000 of 486246
Processed line 380000 of 486246
Processed line 390000 of 486246
Processed line 400000 of 486246
Processed line 410000 of 486246
Processed line 420000 of 486246
Processed line 430000 of 486246
Processed line 440000 of 486246
Processed line 450000 of 486246
Processed line 460000 of 486246
Processed line 470000 of 486246
Processed line 480000 of 486246
Processed line 486246 of 486246
Number of planets detected for each experiment:

Experiment_1: 17.07  -  0.4 yrs observed
Experiment_1: 28.1  -  1.0 yrs observed
Experiment_1: 36.88  -  1.6 yrs observed
Experiment_1: 44.67  -  2.2 yrs observed
Experiment_1: 52.56  -  2.9 yrs observed
Experiment_1: 59.83  -  3.6 yrs observed
Experiment_1: 61.52  -  3.8 yrs observed
>> hab2lo | order 2 | throughput 0.125 | 8.6023 yr (10.1 s)
Number of planets detected for each experiment:

Experiment_1: 17.98  -  0.4 yrs observed
Experiment_1: 29.07  -  0.9 yrs observed
Experiment_1: 38.37  -  1.4 yrs observed
Experiment_1: 46.91  -  2.0 yrs observed
Experiment_1: 54.74  -  2.7 yrs observed
Experiment_1: 61.42  -  3.3 yrs observed
>> hab2lo | order 4 | throughput 0.125 | 7.0018 yr (11.1 s)

Processed line 0 of 486246
Processed line 10000 of 486246
Processed line 20000 of 486246
Processed line 30000 of 486246
Processed line 40000 of 486246
Processed line 50000 of 486246
Processed line 60000 of 486246
Processed line 70000 of 486246
Processed line 80000 of 486246
Processed line 90000 of 486246
Processed line 100000 of 486246
Processed line 110000 of 486246
Processed line 120000 of 486246
Processed line 130000 of 486246
Processed line 140000 of 486246
Processed line 150000 of 486246
Processed line 160000 of 486246
Processed line 170000 of 486246
Processed line 180000 of 486246
Processed line 190000 of 486246
Processed line 200000 of 486246
Processed line 210000 of 486246
Processed line 220000 of 486246
Processed line 230000 of 486246
Processed line 240000 of 486246
Processed line 250000 of 486246
Processed line 260000 of 486246
Processed line 270000 of 486246
Processed line 280000 of 486246
Processed line 290000 of 486246
Processed line 300000 of 486246
Processed line 310000 of 486246
Processed line 320000 of 486246
Processed line 330000 of 486246
Processed line 340000 of 486246
Processed line 350000 of 486246
Processed line 360000 of 486246
Processed line 370000 of 486246
Processed line 380000 of 486246
Processed line 390000 of 486246
Processed line 400000 of 486246
Processed line 410000 of 486246
Processed line 420000 of 486246
Processed line 430000 of 486246
Processed line 440000 of 486246
Processed line 450000 of 486246
Processed line 460000 of 486246
Processed line 470000 of 486246
Processed line 480000 of 486246
Processed line 486246 of 486246
Number of planets detected for each experiment:

Experiment_1: 16.17  -  0.4 yrs observed
Experiment_1: 26.13  -  1.0 yrs observed
Experiment_1: 34.61  -  1.6 yrs observed
Experiment_1: 41.75  -  2.3 yrs observed
Experiment_1: 48.68  -  3.1 yrs observed
Experiment_1: 55.8  -  3.8 yrs observed
Experiment_1: 61.19  -  4.5 yrs observed
>> hab2lo | order 2 | throughput 0.1 | 10.4008 yr (9.4 s)
Number of planets detected for each experiment:

Experiment_1: 16.93  -  0.4 yrs observed
Experiment_1: 27.44  -  0.9 yrs observed
Experiment_1: 35.83  -  1.5 yrs observed
Experiment_1: 43.43  -  2.1 yrs observed
Experiment_1: 50.71  -  2.8 yrs observed
Experiment_1: 57.56  -  3.4 yrs observed
Experiment_1: 62.25  -  4.0 yrs observed
>> hab2lo | order 4 | throughput 0.1 | 8.5476 yr (9.5 s)

Processed line 0 of 486246
Processed line 10000 of 486246
Processed line 20000 of 486246
Processed line 30000 of 486246
Processed line 40000 of 486246
Processed line 50000 of 486246
Processed line 60000 of 486246
Processed line 70000 of 486246
Processed line 80000 of 486246
Processed line 90000 of 486246
Processed line 100000 of 486246
Processed line 110000 of 486246
Processed line 120000 of 486246
Processed line 130000 of 486246
Processed line 140000 of 486246
Processed line 150000 of 486246
Processed line 160000 of 486246
Processed line 170000 of 486246
Processed line 180000 of 486246
Processed line 190000 of 486246
Processed line 200000 of 486246
Processed line 210000 of 486246
Processed line 220000 of 486246
Processed line 230000 of 486246
Processed line 240000 of 486246
Processed line 250000 of 486246
Processed line 260000 of 486246
Processed line 270000 of 486246
Processed line 280000 of 486246
Processed line 290000 of 486246
Processed line 300000 of 486246
Processed line 310000 of 486246
Processed line 320000 of 486246
Processed line 330000 of 486246
Processed line 340000 of 486246
Processed line 350000 of 486246
Processed line 360000 of 486246
Processed line 370000 of 486246
Processed line 380000 of 486246
Processed line 390000 of 486246
Processed line 400000 of 486246
Processed line 410000 of 486246
Processed line 420000 of 486246
Processed line 430000 of 486246
Processed line 440000 of 486246
Processed line 450000 of 486246
Processed line 460000 of 486246
Processed line 470000 of 486246
Processed line 480000 of 486246
Processed line 486246 of 486246
Number of planets detected for each experiment:

Experiment_1: 14.7  -  0.4 yrs observed
Experiment_1: 24.07  -  1.1 yrs observed
Experiment_1: 31.66  -  1.7 yrs observed
Experiment_1: 38.16  -  2.4 yrs observed
Experiment_1: 44.04  -  3.2 yrs observed
Experiment_1: 50.25  -  4.0 yrs observed
Experiment_1: 56.03  -  4.9 yrs observed
Experiment_1: 60.79  -  5.7 yrs observed
>> hab2lo | order 2 | throughput 0.075 | 13.2683 yr (8.8 s)
Number of planets detected for each experiment:

Experiment_1: 15.88  -  0.4 yrs observed
Experiment_1: 25.35  -  1.0 yrs observed
Experiment_1: 33.2  -  1.6 yrs observed
Experiment_1: 40.15  -  2.3 yrs observed
Experiment_1: 46.87  -  3.0 yrs observed
Experiment_1: 53.0  -  3.7 yrs observed
Experiment_1: 58.87  -  4.5 yrs observed
Experiment_1: 61.96  -  4.9 yrs observed
>> hab2lo | order 4 | throughput 0.075 | 10.7874 yr (9.8 s)

Sweep results: C:\Users\nicol\Desktop\LIFE\LIFESim\thesis\reproducibility\throughput_sweep.tsv
